Component: Arm Compiler for Embedded 6.19 Tool: armlink [5e73cb00]

==============================================================================

Section Cross References

    startup_tm4c123.o(STACK) refers (Special) to heapauxi.o(.text) for __use_two_region_memory
    startup_tm4c123.o(HEAP) refers (Special) to heapauxi.o(.text) for __use_two_region_memory
    startup_tm4c123.o(RESET) refers (Special) to heapauxi.o(.text) for __use_two_region_memory
    startup_tm4c123.o(RESET) refers to startup_tm4c123.o(STACK) for __initial_sp
    startup_tm4c123.o(RESET) refers to startup_tm4c123.o(.text) for Reset_Handler
    startup_tm4c123.o(RESET) refers to main.o(.text) for SysTick_Handler
    startup_tm4c123.o(RESET) refers to uart.o(.text) for UART1_Handler
    startup_tm4c123.o(RESET) refers to timer0.o(.text) for TIMER0A_Handler
    startup_tm4c123.o(RESET) refers to timer1.o(.text) for TIMER1A_Handler
    startup_tm4c123.o(RESET) refers to texas.o(.text) for TIMER5A_Handler
    startup_tm4c123.o(.text) refers (Special) to heapauxi.o(.text) for __use_two_region_memory
    startup_tm4c123.o(.text) refers to __main.o(!!!main) for __main
    startup_tm4c123.o(.text) refers to startup_tm4c123.o(HEAP) for Heap_Mem
    startup_tm4c123.o(.text) refers to startup_tm4c123.o(STACK) for Stack_Mem
    main.o(.text) refers to main.o(.bss.my) for my
    main.o(.text) refers to slidepot.o(.text) for SlidePot::SlidePot(unsigned int, unsigned int)
    main.o(.text) refers to main.o(.bss.flag) for flag
    main.o(.text) refers to main.o(.bss.counter) for counter
    main.o(.text) refers to main.o(.bss.button1) for button1
    main.o(.text) refers to main.o(.bss.button2) for button2
    main.o(.text) refers to main.o(.data.bill) for bill
    main.o(.text) refers to main.o(.bss.time) for time
    main.o(.text) refers to main.o(.data.duck) for duck
    main.o(.text) refers to random.o(.text) for Random()
    main.o(.text) refers to st7735.o(.text) for ST7735_FillRect(short, short, short, short, unsigned short)
    main.o(.text) refers to startup_tm4c123.o(.text) for DisableInterrupts
    main.o(.text) refers to pll.o(.text) for PLL_Init(unsigned int)
    main.o(.text) refers to dac.o(.text) for DAC_Init()
    main.o(.text) refers to sound.o(.text) for Sound_Init()
    main.o(.text) refers to main.o(.rodata.str1.1) for .L.str
    main.o(.text) refers to main.o(.bss.language) for language
    main.o(.text) refers to main.o(.data.period) for period
    main.o(.text) refers to timer1.o(.text) for Timer1_Init(void (*)(), unsigned int)
    main.o(.text) refers to main.o(.data.shot_count) for shot_count
    main.o(.text) refers to main.o(.data.level) for level
    main.o(.text) refers to main.o(.bss.points) for points
    main.o(.ARM.exidx) refers to main.o(.text) for [Anonymous Symbol]
    main.o(.data.bill) refers to main.o(.rodata._ZL3gun) for [Anonymous Symbol]
    main.o(.data.duck) refers to main.o(.rodata._ZL8duck_pic) for [Anonymous Symbol]
    main.o(.init_array) refers to main.o(.text) for _GLOBAL__sub_I_main.cpp
    dac.o(.text) refers to dac.o(.bss.flag3) for flag3
    dac.o(.text) refers to dac.o(.bss.flag2) for flag2
    dac.o(.text) refers to main.o(.bss.button1) for button1
    dac.o(.text) refers to sound.o(.text) for Sound_Shoot()
    dac.o(.text) refers to main.o(.bss.button2) for button2
    dac.o(.text) refers to dac.o(.bss.pause_flag) for pause_flag
    dac.o(.text) refers to main.o(.bss.points) for points
    dac.o(.text) refers to st7735.o(.text) for ST7735_SetCursor(unsigned int, unsigned int)
    dac.o(.text) refers to main.o(.data.shot_count) for shot_count
    dac.o(.text) refers to dac.o(.rodata._ZL5pause) for pause
    dac.o(.text) refers to dac.o(.rodata.str1.1) for .L.str
    dac.o(.text) refers to main.o(.data.level) for level
    dac.o(.text) refers to dac.o(.rodata._ZL11loss_screen) for loss_screen
    dac.o(.ARM.exidx) refers to dac.o(.text) for [Anonymous Symbol]
    pll.o(.ARM.exidx) refers to pll.o(.text) for [Anonymous Symbol]
    random.o(.text) refers to random.o(.bss._ZL1M) for M
    random.o(.ARM.exidx) refers to random.o(.text) for [Anonymous Symbol]
    st7735.o(.text) refers to st7735.o(.rodata._ZL4Bcmd) for Bcmd
    st7735.o(.text) refers to st7735.o(.data.StTextColor) for StTextColor
    st7735.o(.text) refers to st7735.o(.bss._ZL8RowStart) for RowStart
    st7735.o(.text) refers to st7735.o(.bss._ZL8ColStart) for ColStart
    st7735.o(.text) refers to st7735.o(.bss.StX) for StX
    st7735.o(.text) refers to st7735.o(.bss.StY) for StY
    st7735.o(.text) refers to st7735.o(.data._ZL6_width) for _width
    st7735.o(.text) refers to st7735.o(.data._ZL7_height) for _height
    st7735.o(.text) refers to st7735.o(.rodata._ZL5Rcmd1) for Rcmd1
    st7735.o(.text) refers to st7735.o(.rodata._ZL10Rcmd2green) for Rcmd2green
    st7735.o(.text) refers to st7735.o(.rodata._ZL8Rcmd2red) for Rcmd2red
    st7735.o(.text) refers to st7735.o(.rodata._ZL5Rcmd3) for Rcmd3
    st7735.o(.text) refers to st7735.o(.bss._ZL8TabColor) for TabColor
    st7735.o(.text) refers to st7735.o(.rodata._ZL11smallCircle) for smallCircle
    st7735.o(.text) refers to st7735.o(.rodata._ZL6circle) for circle
    st7735.o(.text) refers to st7735.o(.rodata._ZL4Font) for Font
    st7735.o(.text) refers to st7735.o(.bss.Messageindex) for Messageindex
    st7735.o(.text) refers to st7735.o(.bss.Message) for Message
    st7735.o(.text) refers to st7735.o(.rodata.str1.1) for .L.str
    st7735.o(.text) refers to st7735.o(.bss._ZL8Rotation) for Rotation
    st7735.o(.text) refers to st7735.o(.bss.Ymax) for Ymax
    st7735.o(.text) refers to st7735.o(.bss.Ymin) for Ymin
    st7735.o(.text) refers to st7735.o(.bss.Yrange) for Yrange
    st7735.o(.text) refers to st7735.o(.bss.X) for X
    st7735.o(.text) refers to st7735.o(.bss.lastj) for lastj
    st7735.o(.text) refers to st7735.o(.rodata._ZL4dBfs) for dBfs
    st7735.o(.ARM.exidx) refers to st7735.o(.text) for [Anonymous Symbol]
    slidepot.o(.ARM.exidx) refers to slidepot.o(.text) for [Anonymous Symbol]
    sound.o(.text) refers to sound.o(.bss.len) for len
    sound.o(.text) refers to sound.o(.bss.sp) for sp
    sound.o(.text) refers to dac.o(.text) for DAC_Out(unsigned int)
    sound.o(.text) refers to timer0.o(.text) for Timer0_Init(void (*)(), unsigned int)
    sound.o(.text) refers to sound.o(.rodata._ZL5shoot) for shoot
    sound.o(.text) refers to sound.o(.rodata._ZL5duck1) for duck1
    sound.o(.ARM.exidx) refers to sound.o(.text) for [Anonymous Symbol]
    timer0.o(.text) refers to timer0.o(.bss.PeriodicTask0) for PeriodicTask0
    timer0.o(.text) refers to startup_tm4c123.o(.text) for DisableInterrupts
    timer0.o(.ARM.exidx) refers to timer0.o(.text) for [Anonymous Symbol]
    timer1.o(.text) refers to timer1.o(.bss.PeriodicTask1) for PeriodicTask1
    timer1.o(.ARM.exidx) refers to timer1.o(.text) for [Anonymous Symbol]
    uart.o(.text) refers to uart.o(.bss.RxFifo) for RxFifo
    uart.o(.text) refers to fifo.o(.text) for Queue::Queue()
    uart.o(.text) refers to uart.o(.bss.RxCounter) for RxCounter
    uart.o(.ARM.exidx) refers to uart.o(.text) for [Anonymous Symbol]
    uart.o(.init_array) refers to uart.o(.text) for _GLOBAL__sub_I_UART.cpp
    fifo.o(.ARM.exidx) refers to fifo.o(.text) for [Anonymous Symbol]
    texas.o(.text) refers to pll.o(.text) for PLL_Init(unsigned int)
    texas.o(.ARM.exidx) refers to texas.o(.text) for [Anonymous Symbol]
    __main.o(!!!main) refers to __rtentry.o(.ARM.Collect$$rtentry$$00000000) for __rt_entry
    init_aeabi.o(.emb_text) refers (Special) to libinit2.o(.ARM.Collect$$libinit$$00000033) for __rt_lib_init_cpp_2
    init_aeabi.o(.init_array) refers (Special) to libinit2.o(.ARM.Collect$$libinit$$00000033) for __rt_lib_init_cpp_2
    init_aeabi.o(.dummy_text) refers (Special) to libinit2.o(.ARM.Collect$$libinit$$00000033) for __rt_lib_init_cpp_2
    init_aeabi.o(.text) refers (Special) to libinit2.o(.ARM.Collect$$libinit$$00000033) for __rt_lib_init_cpp_2
    init_aeabi.o(.ARM.exidx) refers (Special) to libinit2.o(.ARM.Collect$$libinit$$00000033) for __rt_lib_init_cpp_2
    init_aeabi.o(.ARM.exidx) refers to init_aeabi.o(.text) for .text
    __rtentry.o(.ARM.Collect$$rtentry$$00000000) refers (Special) to __rtentry2.o(.ARM.Collect$$rtentry$$0000000A) for __rt_entry_li
    __rtentry.o(.ARM.Collect$$rtentry$$00000000) refers (Special) to __rtentry2.o(.ARM.Collect$$rtentry$$0000000D) for __rt_entry_main
    __rtentry.o(.ARM.Collect$$rtentry$$00000000) refers (Special) to __rtentry2.o(.ARM.Collect$$rtentry$$0000000C) for __rt_entry_postli_1
    __rtentry.o(.ARM.Collect$$rtentry$$00000000) refers (Special) to __rtentry2.o(.ARM.Collect$$rtentry$$00000009) for __rt_entry_postsh_1
    __rtentry.o(.ARM.Collect$$rtentry$$00000000) refers (Special) to __rtentry2.o(.ARM.Collect$$rtentry$$00000002) for __rt_entry_presh_1
    __rtentry.o(.ARM.Collect$$rtentry$$00000000) refers (Special) to __rtentry4.o(.ARM.Collect$$rtentry$$00000004) for __rt_entry_sh
    libinit2.o(.ARM.Collect$$libinit$$00000012) refers to libinit2.o(.ARM.Collect$$libinit$$00000011) for .ARM.Collect$$libinit$$00000011
    libinit2.o(.ARM.Collect$$libinit$$00000014) refers to libinit2.o(.ARM.Collect$$libinit$$00000011) for .ARM.Collect$$libinit$$00000011
    libinit2.o(.ARM.Collect$$libinit$$00000016) refers to libinit2.o(.ARM.Collect$$libinit$$00000011) for .ARM.Collect$$libinit$$00000011
    libinit2.o(.ARM.Collect$$libinit$$00000018) refers to libinit2.o(.ARM.Collect$$libinit$$00000011) for .ARM.Collect$$libinit$$00000011
    libinit2.o(.ARM.Collect$$libinit$$0000001A) refers to libinit2.o(.ARM.Collect$$libinit$$00000011) for .ARM.Collect$$libinit$$00000011
    libinit2.o(.ARM.Collect$$libinit$$00000028) refers to argv_veneer.o(.emb_text) for __ARM_argv_veneer
    libinit2.o(.ARM.Collect$$libinit$$00000029) refers to argv_veneer.o(.emb_text) for __ARM_argv_veneer
    libinit2.o(.ARM.Collect$$libinit$$00000033) refers (Weak) to init_aeabi.o(.text) for __cpp_initialize__aeabi_
    __rtentry2.o(.ARM.Collect$$rtentry$$00000008) refers to boardinit2.o(.text) for _platform_post_stackheap_init
    __rtentry2.o(.ARM.Collect$$rtentry$$0000000A) refers to libinit.o(.ARM.Collect$$libinit$$00000000) for __rt_lib_init
    __rtentry2.o(.ARM.Collect$$rtentry$$0000000B) refers to boardinit3.o(.text) for _platform_post_lib_init
    __rtentry2.o(.ARM.Collect$$rtentry$$0000000D) refers to main.o(.text) for main
    __rtentry2.o(.ARM.Collect$$rtentry$$0000000D) refers to exit.o(.text) for exit
    __rtentry2.o(.ARM.exidx) refers to __rtentry2.o(.ARM.Collect$$rtentry$$00000001) for .ARM.Collect$$rtentry$$00000001
    __rtentry2.o(.ARM.exidx) refers to __rtentry2.o(.ARM.Collect$$rtentry$$00000008) for .ARM.Collect$$rtentry$$00000008
    __rtentry2.o(.ARM.exidx) refers to __rtentry2.o(.ARM.Collect$$rtentry$$0000000A) for .ARM.Collect$$rtentry$$0000000A
    __rtentry2.o(.ARM.exidx) refers to __rtentry2.o(.ARM.Collect$$rtentry$$0000000B) for .ARM.Collect$$rtentry$$0000000B
    __rtentry2.o(.ARM.exidx) refers to __rtentry2.o(.ARM.Collect$$rtentry$$0000000D) for .ARM.Collect$$rtentry$$0000000D
    __rtentry4.o(.ARM.Collect$$rtentry$$00000004) refers to sys_stackheap_outer.o(.text) for __user_setup_stackheap
    __rtentry4.o(.ARM.exidx) refers to __rtentry4.o(.ARM.Collect$$rtentry$$00000004) for .ARM.Collect$$rtentry$$00000004
    argv_veneer.o(.emb_text) refers to no_argv.o(.text) for __ARM_get_argv
    sys_stackheap_outer.o(.text) refers to libspace.o(.text) for __user_perproc_libspace
    sys_stackheap_outer.o(.text) refers to startup_tm4c123.o(.text) for __user_initial_stackheap
    exit.o(.text) refers to rtexit.o(.ARM.Collect$$rtexit$$00000000) for __rt_exit
    _get_argv_nomalloc.o(.text) refers (Special) to hrguard.o(.text) for __heap_region$guard
    _get_argv_nomalloc.o(.text) refers to defsig_rtmem_outer.o(.text) for __rt_SIGRTMEM
    _get_argv_nomalloc.o(.text) refers to sys_command.o(.text) for _sys_command_string
    libinit.o(.ARM.Collect$$libinit$$00000000) refers (Special) to libinit2.o(.ARM.Collect$$libinit$$00000030) for __rt_lib_init_alloca_1
    libinit.o(.ARM.Collect$$libinit$$00000000) refers (Special) to libinit2.o(.ARM.Collect$$libinit$$0000002E) for __rt_lib_init_argv_1
    libinit.o(.ARM.Collect$$libinit$$00000000) refers (Special) to libinit2.o(.ARM.Collect$$libinit$$0000001D) for __rt_lib_init_atexit_1
    libinit.o(.ARM.Collect$$libinit$$00000000) refers (Special) to libinit2.o(.ARM.Collect$$libinit$$00000023) for __rt_lib_init_clock_1
    libinit.o(.ARM.Collect$$libinit$$00000000) refers (Special) to libinit2.o(.ARM.Collect$$libinit$$00000034) for __rt_lib_init_cpp_1
    libinit.o(.ARM.Collect$$libinit$$00000000) refers (Special) to libinit2.o(.ARM.Collect$$libinit$$00000032) for __rt_lib_init_exceptions_1
    libinit.o(.ARM.Collect$$libinit$$00000000) refers (Special) to libinit2.o(.ARM.Collect$$libinit$$00000002) for __rt_lib_init_fp_1
    libinit.o(.ARM.Collect$$libinit$$00000000) refers (Special) to libinit2.o(.ARM.Collect$$libinit$$00000021) for __rt_lib_init_fp_trap_1
    libinit.o(.ARM.Collect$$libinit$$00000000) refers (Special) to libinit2.o(.ARM.Collect$$libinit$$00000025) for __rt_lib_init_getenv_1
    libinit.o(.ARM.Collect$$libinit$$00000000) refers (Special) to libinit2.o(.ARM.Collect$$libinit$$0000000C) for __rt_lib_init_heap_1
    libinit.o(.ARM.Collect$$libinit$$00000000) refers (Special) to libinit2.o(.ARM.Collect$$libinit$$00000013) for __rt_lib_init_lc_collate_1
    libinit.o(.ARM.Collect$$libinit$$00000000) refers (Special) to libinit2.o(.ARM.Collect$$libinit$$00000015) for __rt_lib_init_lc_ctype_1
    libinit.o(.ARM.Collect$$libinit$$00000000) refers (Special) to libinit2.o(.ARM.Collect$$libinit$$00000017) for __rt_lib_init_lc_monetary_1
    libinit.o(.ARM.Collect$$libinit$$00000000) refers (Special) to libinit2.o(.ARM.Collect$$libinit$$00000019) for __rt_lib_init_lc_numeric_1
    libinit.o(.ARM.Collect$$libinit$$00000000) refers (Special) to libinit2.o(.ARM.Collect$$libinit$$0000001B) for __rt_lib_init_lc_time_1
    libinit.o(.ARM.Collect$$libinit$$00000000) refers (Special) to libinit2.o(.ARM.Collect$$libinit$$00000006) for __rt_lib_init_preinit_1
    libinit.o(.ARM.Collect$$libinit$$00000000) refers (Special) to libinit2.o(.ARM.Collect$$libinit$$00000010) for __rt_lib_init_rand_1
    libinit.o(.ARM.Collect$$libinit$$00000000) refers (Special) to libinit2.o(.ARM.Collect$$libinit$$00000004) for __rt_lib_init_relocate_pie_1
    libinit.o(.ARM.Collect$$libinit$$00000000) refers (Special) to libinit2.o(.ARM.Collect$$libinit$$00000035) for __rt_lib_init_return
    libinit.o(.ARM.Collect$$libinit$$00000000) refers (Special) to libinit2.o(.ARM.Collect$$libinit$$0000001F) for __rt_lib_init_signal_1
    libinit.o(.ARM.Collect$$libinit$$00000000) refers (Special) to libinit2.o(.ARM.Collect$$libinit$$00000027) for __rt_lib_init_stdio_1
    libinit.o(.ARM.Collect$$libinit$$00000000) refers (Special) to libinit2.o(.ARM.Collect$$libinit$$0000000E) for __rt_lib_init_user_alloc_1
    sys_command.o(.text) refers (Special) to use_no_semi.o(.text) for __I$use$semihosting
    sys_command.o(.text) refers (Special) to indicate_semi.o(.text) for __semihosting_library_function
    sys_command_hlt.o(.text) refers (Special) to use_no_semi.o(.text) for __I$use$semihosting
    sys_command_hlt.o(.text) refers (Special) to indicate_semi.o(.text) for __semihosting_library_function
    libspace.o(.text) refers to libspace.o(.bss) for __libspace_start
    rtexit.o(.ARM.Collect$$rtexit$$00000000) refers (Special) to rtexit2.o(.ARM.Collect$$rtexit$$00000004) for __rt_exit_exit
    rtexit.o(.ARM.Collect$$rtexit$$00000000) refers (Special) to rtexit2.o(.ARM.Collect$$rtexit$$00000003) for __rt_exit_ls
    rtexit.o(.ARM.Collect$$rtexit$$00000000) refers (Special) to rtexit2.o(.ARM.Collect$$rtexit$$00000002) for __rt_exit_prels_1
    rtexit.o(.ARM.exidx) refers (Special) to rtexit2.o(.ARM.Collect$$rtexit$$00000004) for __rt_exit_exit
    rtexit.o(.ARM.exidx) refers (Special) to rtexit2.o(.ARM.Collect$$rtexit$$00000003) for __rt_exit_ls
    rtexit.o(.ARM.exidx) refers (Special) to rtexit2.o(.ARM.Collect$$rtexit$$00000002) for __rt_exit_prels_1
    rtexit.o(.ARM.exidx) refers to rtexit.o(.ARM.Collect$$rtexit$$00000000) for .ARM.Collect$$rtexit$$00000000
    defsig_rtmem_outer.o(.text) refers to defsig_rtmem_inner.o(.text) for __rt_SIGRTMEM_inner
    defsig_rtmem_outer.o(.text) refers to defsig_exit.o(.text) for __sig_exit
    defsig_rtmem_formal.o(.text) refers to rt_raise.o(.text) for __rt_raise
    rtexit2.o(.ARM.Collect$$rtexit$$00000003) refers to libshutdown.o(.ARM.Collect$$libshutdown$$00000000) for __rt_lib_shutdown
    rtexit2.o(.ARM.Collect$$rtexit$$00000004) refers to sys_exit.o(.text) for _sys_exit
    rtexit2.o(.ARM.exidx) refers to rtexit2.o(.ARM.Collect$$rtexit$$00000001) for .ARM.Collect$$rtexit$$00000001
    rtexit2.o(.ARM.exidx) refers to rtexit2.o(.ARM.Collect$$rtexit$$00000003) for .ARM.Collect$$rtexit$$00000003
    rtexit2.o(.ARM.exidx) refers to rtexit2.o(.ARM.Collect$$rtexit$$00000004) for .ARM.Collect$$rtexit$$00000004
    rt_raise.o(.text) refers to __raise.o(.text) for __raise
    rt_raise.o(.text) refers to sys_exit.o(.text) for _sys_exit
    defsig_exit.o(.text) refers to sys_exit.o(.text) for _sys_exit
    defsig_rtmem_inner.o(.text) refers to defsig_general.o(.text) for __default_signal_display
    sys_exit.o(.text) refers (Special) to use_no_semi.o(.text) for __I$use$semihosting
    sys_exit.o(.text) refers (Special) to indicate_semi.o(.text) for __semihosting_library_function
    sys_exit_hlt.o(.text) refers (Special) to use_no_semi.o(.text) for __I$use$semihosting
    sys_exit_hlt.o(.text) refers (Special) to indicate_semi.o(.text) for __semihosting_library_function
    __raise.o(.text) refers to defsig.o(CL$$defsig) for __default_signal_handler
    defsig_general.o(.text) refers to sys_wrch.o(.text) for _ttywrch
    libshutdown.o(.ARM.Collect$$libshutdown$$00000000) refers (Special) to libshutdown2.o(.ARM.Collect$$libshutdown$$00000002) for __rt_lib_shutdown_cpp_1
    libshutdown.o(.ARM.Collect$$libshutdown$$00000000) refers (Special) to libshutdown2.o(.ARM.Collect$$libshutdown$$00000007) for __rt_lib_shutdown_fp_trap_1
    libshutdown.o(.ARM.Collect$$libshutdown$$00000000) refers (Special) to libshutdown2.o(.ARM.Collect$$libshutdown$$0000000F) for __rt_lib_shutdown_heap_1
    libshutdown.o(.ARM.Collect$$libshutdown$$00000000) refers (Special) to libshutdown2.o(.ARM.Collect$$libshutdown$$00000010) for __rt_lib_shutdown_return
    libshutdown.o(.ARM.Collect$$libshutdown$$00000000) refers (Special) to libshutdown2.o(.ARM.Collect$$libshutdown$$0000000A) for __rt_lib_shutdown_signal_1
    libshutdown.o(.ARM.Collect$$libshutdown$$00000000) refers (Special) to libshutdown2.o(.ARM.Collect$$libshutdown$$00000004) for __rt_lib_shutdown_stdio_1
    libshutdown.o(.ARM.Collect$$libshutdown$$00000000) refers (Special) to libshutdown2.o(.ARM.Collect$$libshutdown$$0000000C) for __rt_lib_shutdown_user_alloc_1
    sys_wrch.o(.text) refers (Special) to use_no_semi.o(.text) for __I$use$semihosting
    sys_wrch.o(.text) refers (Special) to indicate_semi.o(.text) for __semihosting_library_function
    sys_wrch_hlt.o(.text) refers (Special) to use_no_semi.o(.text) for __I$use$semihosting
    sys_wrch_hlt.o(.text) refers (Special) to indicate_semi.o(.text) for __semihosting_library_function
    defsig.o(CL$$defsig) refers to defsig_rtmem_inner.o(.text) for __rt_SIGRTMEM_inner
    defsig_abrt_inner.o(.text) refers to defsig_general.o(.text) for __default_signal_display
    defsig_fpe_inner.o(.text) refers to defsig_general.o(.text) for __default_signal_display
    defsig_rtred_inner.o(.text) refers to defsig_general.o(.text) for __default_signal_display
    defsig_stak_inner.o(.text) refers to defsig_general.o(.text) for __default_signal_display
    defsig_pvfn_inner.o(.text) refers to defsig_general.o(.text) for __default_signal_display
    defsig_cppl_inner.o(.text) refers to defsig_general.o(.text) for __default_signal_display
    defsig_segv_inner.o(.text) refers to defsig_general.o(.text) for __default_signal_display
    defsig_other.o(.text) refers to defsig_general.o(.text) for __default_signal_display


==============================================================================

Removing Unused input sections from the image.

    Removing main.o(.ARM.exidx), (64 bytes).
    Removing main.o(.ARM.use_no_argv), (4 bytes).
    Removing dac.o(.ARM.exidx), (56 bytes).
    Removing pll.o(.ARM.exidx), (8 bytes).
    Removing random.o(.ARM.exidx), (24 bytes).
    Removing st7735.o(.ARM.exidx), (360 bytes).
    Removing slidepot.o(.ARM.exidx), (64 bytes).
    Removing sound.o(.ARM.exidx), (40 bytes).
    Removing timer0.o(.ARM.exidx), (16 bytes).
    Removing timer1.o(.ARM.exidx), (16 bytes).
    Removing uart.o(.ARM.exidx), (80 bytes).
    Removing fifo.o(.ARM.exidx), (48 bytes).
    Removing texas.o(.ARM.exidx), (40 bytes).

13 unused section(s) (total 820 bytes) removed from the image.

==============================================================================

Image Symbol Table

    Local Symbols

    Symbol Name                              Value     Ov Type        Size  Object(Section)

    ../clib/angel/boardlib.s                 0x00000000   Number         0  boardinit1.o ABSOLUTE
    ../clib/angel/boardlib.s                 0x00000000   Number         0  boardinit2.o ABSOLUTE
    ../clib/angel/boardlib.s                 0x00000000   Number         0  boardinit3.o ABSOLUTE
    ../clib/angel/boardlib.s                 0x00000000   Number         0  boardshut.o ABSOLUTE
    ../clib/angel/handlers.s                 0x00000000   Number         0  __scatter_copy.o ABSOLUTE
    ../clib/angel/handlers.s                 0x00000000   Number         0  __scatter_zi.o ABSOLUTE
    ../clib/angel/kernel.s                   0x00000000   Number         0  __rtentry.o ABSOLUTE
    ../clib/angel/kernel.s                   0x00000000   Number         0  __rtentry2.o ABSOLUTE
    ../clib/angel/kernel.s                   0x00000000   Number         0  __rtentry4.o ABSOLUTE
    ../clib/angel/kernel.s                   0x00000000   Number         0  rtexit.o ABSOLUTE
    ../clib/angel/kernel.s                   0x00000000   Number         0  rtexit2.o ABSOLUTE
    ../clib/angel/rt.s                       0x00000000   Number         0  rt_raise.o ABSOLUTE
    ../clib/angel/scatter.s                  0x00000000   Number         0  __scatter.o ABSOLUTE
    ../clib/angel/startup.s                  0x00000000   Number         0  __main.o ABSOLUTE
    ../clib/angel/sys.s                      0x00000000   Number         0  sys_stackheap_outer.o ABSOLUTE
    ../clib/angel/sys.s                      0x00000000   Number         0  libspace.o ABSOLUTE
    ../clib/angel/sys.s                      0x00000000   Number         0  use_no_semi.o ABSOLUTE
    ../clib/angel/sys.s                      0x00000000   Number         0  indicate_semi.o ABSOLUTE
    ../clib/angel/sysapp.c                   0x00000000   Number         0  sys_command.o ABSOLUTE
    ../clib/angel/sysapp.c                   0x00000000   Number         0  sys_command_hlt.o ABSOLUTE
    ../clib/angel/sysapp.c                   0x00000000   Number         0  sys_exit.o ABSOLUTE
    ../clib/angel/sysapp.c                   0x00000000   Number         0  sys_exit_hlt.o ABSOLUTE
    ../clib/angel/sysapp.c                   0x00000000   Number         0  sys_wrch.o ABSOLUTE
    ../clib/angel/sysapp.c                   0x00000000   Number         0  sys_wrch_hlt.o ABSOLUTE
    ../clib/arm_runtime.c                    0x00000000   Number         0  init_aeabi.o ABSOLUTE
    ../clib/arm_runtime.c                    0x00000000   Number         0  init_aeabi.o ABSOLUTE
    ../clib/armsys.c                         0x00000000   Number         0  argv_veneer.o ABSOLUTE
    ../clib/armsys.c                         0x00000000   Number         0  argv_veneer.o ABSOLUTE
    ../clib/armsys.c                         0x00000000   Number         0  _get_argv_nomalloc.o ABSOLUTE
    ../clib/armsys.c                         0x00000000   Number         0  no_argv.o ABSOLUTE
    ../clib/heapalloc.c                      0x00000000   Number         0  hrguard.o ABSOLUTE
    ../clib/heapaux.c                        0x00000000   Number         0  heapauxi.o ABSOLUTE
    ../clib/libinit.s                        0x00000000   Number         0  libinit2.o ABSOLUTE
    ../clib/libinit.s                        0x00000000   Number         0  libinit.o ABSOLUTE
    ../clib/libinit.s                        0x00000000   Number         0  libshutdown.o ABSOLUTE
    ../clib/libinit.s                        0x00000000   Number         0  libshutdown2.o ABSOLUTE
    ../clib/r_arm_target.c                   0x00000000   Number         0  __ARM_resolve_target1.o ABSOLUTE
    ../clib/r_arm_target.c                   0x00000000   Number         0  __ARM_resolve_target1_abs32.o ABSOLUTE
    ../clib/signal.c                         0x00000000   Number         0  defsig_rtmem_outer.o ABSOLUTE
    ../clib/signal.c                         0x00000000   Number         0  defsig_rtmem_formal.o ABSOLUTE
    ../clib/signal.c                         0x00000000   Number         0  defsig_exit.o ABSOLUTE
    ../clib/signal.c                         0x00000000   Number         0  defsig_rtmem_inner.o ABSOLUTE
    ../clib/signal.c                         0x00000000   Number         0  __raise.o ABSOLUTE
    ../clib/signal.c                         0x00000000   Number         0  defsig_general.o ABSOLUTE
    ../clib/signal.c                         0x00000000   Number         0  defsig_abrt_inner.o ABSOLUTE
    ../clib/signal.c                         0x00000000   Number         0  defsig_fpe_inner.o ABSOLUTE
    ../clib/signal.c                         0x00000000   Number         0  defsig_rtred_inner.o ABSOLUTE
    ../clib/signal.c                         0x00000000   Number         0  defsig_stak_inner.o ABSOLUTE
    ../clib/signal.c                         0x00000000   Number         0  defsig_pvfn_inner.o ABSOLUTE
    ../clib/signal.c                         0x00000000   Number         0  defsig_cppl_inner.o ABSOLUTE
    ../clib/signal.c                         0x00000000   Number         0  defsig_segv_inner.o ABSOLUTE
    ../clib/signal.c                         0x00000000   Number         0  defsig_other.o ABSOLUTE
    ../clib/signal.s                         0x00000000   Number         0  defsig.o ABSOLUTE
    ../clib/stdlib.c                         0x00000000   Number         0  exit.o ABSOLUTE
    ../fplib/fpinit.s                        0x00000000   Number         0  fpinit.o ABSOLUTE
    ../fplib/fpinit_empty.s                  0x00000000   Number         0  fpinit_empty.o ABSOLUTE
    DAC.cpp                                  0x00000000   Number         0  dac.o ABSOLUTE
    FIFO.cpp                                 0x00000000   Number         0  fifo.o ABSOLUTE
    PLL.cpp                                  0x00000000   Number         0  pll.o ABSOLUTE
    ST7735.cpp                               0x00000000   Number         0  st7735.o ABSOLUTE
    SlidePot.cpp                             0x00000000   Number         0  slidepot.o ABSOLUTE
    Sound.cpp                                0x00000000   Number         0  sound.o ABSOLUTE
    TExaS.cpp                                0x00000000   Number         0  texas.o ABSOLUTE
    Timer0.cpp                               0x00000000   Number         0  timer0.o ABSOLUTE
    Timer1.cpp                               0x00000000   Number         0  timer1.o ABSOLUTE
    UART.cpp                                 0x00000000   Number         0  uart.o ABSOLUTE
    dc.s                                     0x00000000   Number         0  dc.o ABSOLUTE
    main.cpp                                 0x00000000   Number         0  main.o ABSOLUTE
    random.cpp                               0x00000000   Number         0  random.o ABSOLUTE
    startup_TM4C123.s                        0x00000000   Number         0  startup_tm4c123.o ABSOLUTE
    RESET                                    0x00000000   Section      620  startup_tm4c123.o(RESET)
    !!!main                                  0x0000026c   Section        8  __main.o(!!!main)
    !!!scatter                               0x00000274   Section       52  __scatter.o(!!!scatter)
    !!handler_copy                           0x000002a8   Section       26  __scatter_copy.o(!!handler_copy)
    !!handler_zi                             0x000002c4   Section       28  __scatter_zi.o(!!handler_zi)
    .ARM.Collect$$libinit$$00000000          0x000002e0   Section        2  libinit.o(.ARM.Collect$$libinit$$00000000)
    .ARM.Collect$$libinit$$00000002          0x000002e2   Section        0  libinit2.o(.ARM.Collect$$libinit$$00000002)
    .ARM.Collect$$libinit$$00000004          0x000002e2   Section        0  libinit2.o(.ARM.Collect$$libinit$$00000004)
    .ARM.Collect$$libinit$$00000006          0x000002e2   Section        0  libinit2.o(.ARM.Collect$$libinit$$00000006)
    .ARM.Collect$$libinit$$0000000C          0x000002e2   Section        0  libinit2.o(.ARM.Collect$$libinit$$0000000C)
    .ARM.Collect$$libinit$$0000000E          0x000002e2   Section        0  libinit2.o(.ARM.Collect$$libinit$$0000000E)
    .ARM.Collect$$libinit$$00000010          0x000002e2   Section        0  libinit2.o(.ARM.Collect$$libinit$$00000010)
    .ARM.Collect$$libinit$$00000013          0x000002e2   Section        0  libinit2.o(.ARM.Collect$$libinit$$00000013)
    .ARM.Collect$$libinit$$00000015          0x000002e2   Section        0  libinit2.o(.ARM.Collect$$libinit$$00000015)
    .ARM.Collect$$libinit$$00000017          0x000002e2   Section        0  libinit2.o(.ARM.Collect$$libinit$$00000017)
    .ARM.Collect$$libinit$$00000019          0x000002e2   Section        0  libinit2.o(.ARM.Collect$$libinit$$00000019)
    .ARM.Collect$$libinit$$0000001B          0x000002e2   Section        0  libinit2.o(.ARM.Collect$$libinit$$0000001B)
    .ARM.Collect$$libinit$$0000001D          0x000002e2   Section        0  libinit2.o(.ARM.Collect$$libinit$$0000001D)
    .ARM.Collect$$libinit$$0000001F          0x000002e2   Section        0  libinit2.o(.ARM.Collect$$libinit$$0000001F)
    .ARM.Collect$$libinit$$00000021          0x000002e2   Section        0  libinit2.o(.ARM.Collect$$libinit$$00000021)
    .ARM.Collect$$libinit$$00000023          0x000002e2   Section        0  libinit2.o(.ARM.Collect$$libinit$$00000023)
    .ARM.Collect$$libinit$$00000025          0x000002e2   Section        0  libinit2.o(.ARM.Collect$$libinit$$00000025)
    .ARM.Collect$$libinit$$00000027          0x000002e2   Section        0  libinit2.o(.ARM.Collect$$libinit$$00000027)
    .ARM.Collect$$libinit$$0000002E          0x000002e2   Section        0  libinit2.o(.ARM.Collect$$libinit$$0000002E)
    .ARM.Collect$$libinit$$00000030          0x000002e2   Section        0  libinit2.o(.ARM.Collect$$libinit$$00000030)
    .ARM.Collect$$libinit$$00000032          0x000002e2   Section        0  libinit2.o(.ARM.Collect$$libinit$$00000032)
    .ARM.Collect$$libinit$$00000033          0x000002e2   Section        4  libinit2.o(.ARM.Collect$$libinit$$00000033)
    .ARM.Collect$$libinit$$00000034          0x000002e6   Section        0  libinit2.o(.ARM.Collect$$libinit$$00000034)
    .ARM.Collect$$libinit$$00000035          0x000002e6   Section        2  libinit2.o(.ARM.Collect$$libinit$$00000035)
    .ARM.Collect$$libshutdown$$00000000      0x000002e8   Section        2  libshutdown.o(.ARM.Collect$$libshutdown$$00000000)
    .ARM.Collect$$libshutdown$$00000002      0x000002ea   Section        0  libshutdown2.o(.ARM.Collect$$libshutdown$$00000002)
    .ARM.Collect$$libshutdown$$00000004      0x000002ea   Section        0  libshutdown2.o(.ARM.Collect$$libshutdown$$00000004)
    .ARM.Collect$$libshutdown$$00000007      0x000002ea   Section        0  libshutdown2.o(.ARM.Collect$$libshutdown$$00000007)
    .ARM.Collect$$libshutdown$$0000000A      0x000002ea   Section        0  libshutdown2.o(.ARM.Collect$$libshutdown$$0000000A)
    .ARM.Collect$$libshutdown$$0000000C      0x000002ea   Section        0  libshutdown2.o(.ARM.Collect$$libshutdown$$0000000C)
    .ARM.Collect$$libshutdown$$0000000F      0x000002ea   Section        0  libshutdown2.o(.ARM.Collect$$libshutdown$$0000000F)
    .ARM.Collect$$libshutdown$$00000010      0x000002ea   Section        2  libshutdown2.o(.ARM.Collect$$libshutdown$$00000010)
    .ARM.Collect$$rtentry$$00000000          0x000002ec   Section        0  __rtentry.o(.ARM.Collect$$rtentry$$00000000)
    .ARM.Collect$$rtentry$$00000002          0x000002ec   Section        0  __rtentry2.o(.ARM.Collect$$rtentry$$00000002)
    .ARM.Collect$$rtentry$$00000004          0x000002ec   Section        6  __rtentry4.o(.ARM.Collect$$rtentry$$00000004)
    .ARM.Collect$$rtentry$$00000009          0x000002f2   Section        0  __rtentry2.o(.ARM.Collect$$rtentry$$00000009)
    .ARM.Collect$$rtentry$$0000000A          0x000002f2   Section        4  __rtentry2.o(.ARM.Collect$$rtentry$$0000000A)
    .ARM.Collect$$rtentry$$0000000C          0x000002f6   Section        0  __rtentry2.o(.ARM.Collect$$rtentry$$0000000C)
    .ARM.Collect$$rtentry$$0000000D          0x000002f6   Section        8  __rtentry2.o(.ARM.Collect$$rtentry$$0000000D)
    .ARM.Collect$$rtexit$$00000000           0x000002fe   Section        2  rtexit.o(.ARM.Collect$$rtexit$$00000000)
    .ARM.Collect$$rtexit$$00000002           0x00000300   Section        0  rtexit2.o(.ARM.Collect$$rtexit$$00000002)
    .ARM.Collect$$rtexit$$00000003           0x00000300   Section        4  rtexit2.o(.ARM.Collect$$rtexit$$00000003)
    .ARM.Collect$$rtexit$$00000004           0x00000304   Section        6  rtexit2.o(.ARM.Collect$$rtexit$$00000004)
    .text                                    0x0000030c   Section      296  startup_tm4c123.o(.text)
    __cxx_global_var_init                    0x00000435   Thumb Code    22  main.o(.text)
    [Anonymous Symbol]                       0x00000434   Section        0  main.o(.text)
    _GLOBAL__sub_I_main.cpp                  0x00000981   Thumb Code     8  main.o(.text)
    [Anonymous Symbol]                       0x00000988   Section        0  dac.o(.text)
    [Anonymous Symbol]                       0x00000d04   Section        0  pll.o(.text)
    [Anonymous Symbol]                       0x00000d90   Section        0  random.o(.text)
    [Anonymous Symbol]                       0x00000dec   Section        0  st7735.o(.text)
    commonInit(unsigned char const*)         0x00000e51   Thumb Code   418  st7735.o(.text)
    commandList(unsigned char const*)        0x00001109   Thumb Code   170  st7735.o(.text)
    writecommand(unsigned char)              0x000011b5   Thumb Code    90  st7735.o(.text)
    writedata(unsigned char)                 0x00001211   Thumb Code    58  st7735.o(.text)
    setAddrWindow(unsigned char, unsigned char, unsigned char, unsigned char) 0x000012c1   Thumb Code   148  st7735.o(.text)
    pushColor(unsigned short)                0x00001355   Thumb Code    28  st7735.o(.text)
    deselect()                               0x00001371   Thumb Code    36  st7735.o(.text)
    [Anonymous Symbol]                       0x0000297c   Section        0  slidepot.o(.text)
    [Anonymous Symbol]                       0x00002b6c   Section        0  sound.o(.text)
    [Anonymous Symbol]                       0x00002c20   Section        0  timer0.o(.text)
    [Anonymous Symbol]                       0x00002cd0   Section        0  timer1.o(.text)
    __cxx_global_var_init                    0x00002d89   Thumb Code    16  uart.o(.text)
    [Anonymous Symbol]                       0x00002d88   Section        0  uart.o(.text)
    _GLOBAL__sub_I_UART.cpp                  0x00002ff9   Thumb Code     8  uart.o(.text)
    [Anonymous Symbol]                       0x00003000   Section        0  fifo.o(.text)
    [Anonymous Symbol]                       0x00003048   Section        0  texas.o(.text)
    .text                                    0x000032d4   Section        0  heapauxi.o(.text)
    .text                                    0x000032dc   Section        0  init_aeabi.o(.text)
    .text                                    0x00003300   Section       74  sys_stackheap_outer.o(.text)
    .text                                    0x0000334a   Section        0  exit.o(.text)
    .text                                    0x0000335c   Section        8  libspace.o(.text)
    .text                                    0x00003364   Section        2  use_no_semi.o(.text)
    .text                                    0x00003366   Section        0  indicate_semi.o(.text)
    .text                                    0x00003368   Section        0  sys_exit.o(.text)
    Rcmd2green                               0x00003374   Data          13  st7735.o(.rodata._ZL10Rcmd2green)
    [Anonymous Symbol]                       0x00003374   Section        0  st7735.o(.rodata._ZL10Rcmd2green)
    loss_screen                              0x00003382   Data       40960  dac.o(.rodata._ZL11loss_screen)
    [Anonymous Symbol]                       0x00003382   Section        0  dac.o(.rodata._ZL11loss_screen)
    smallCircle                              0x0000d382   Data          36  st7735.o(.rodata._ZL11smallCircle)
    [Anonymous Symbol]                       0x0000d382   Section        0  st7735.o(.rodata._ZL11smallCircle)
    gun                                      0x0000d3a6   Data        2304  main.o(.rodata._ZL3gun)
    [Anonymous Symbol]                       0x0000d3a6   Section        0  main.o(.rodata._ZL3gun)
    Bcmd                                     0x0000dca6   Data         103  st7735.o(.rodata._ZL4Bcmd)
    [Anonymous Symbol]                       0x0000dca6   Section        0  st7735.o(.rodata._ZL4Bcmd)
    Font                                     0x0000dd0d   Data        1275  st7735.o(.rodata._ZL4Font)
    [Anonymous Symbol]                       0x0000dd0d   Section        0  st7735.o(.rodata._ZL4Font)
    dBfs                                     0x0000e208   Data         512  st7735.o(.rodata._ZL4dBfs)
    [Anonymous Symbol]                       0x0000e208   Section        0  st7735.o(.rodata._ZL4dBfs)
    Rcmd1                                    0x0000e408   Data          59  st7735.o(.rodata._ZL5Rcmd1)
    [Anonymous Symbol]                       0x0000e408   Section        0  st7735.o(.rodata._ZL5Rcmd1)
    Rcmd3                                    0x0000e443   Data          43  st7735.o(.rodata._ZL5Rcmd3)
    [Anonymous Symbol]                       0x0000e443   Section        0  st7735.o(.rodata._ZL5Rcmd3)
    duck1                                    0x0000e46e   Data        2304  sound.o(.rodata._ZL5duck1)
    [Anonymous Symbol]                       0x0000e46e   Section        0  sound.o(.rodata._ZL5duck1)
    pause                                    0x0000ed6e   Data       40960  dac.o(.rodata._ZL5pause)
    [Anonymous Symbol]                       0x0000ed6e   Section        0  dac.o(.rodata._ZL5pause)
    shoot                                    0x00018d6e   Data        4080  sound.o(.rodata._ZL5shoot)
    [Anonymous Symbol]                       0x00018d6e   Section        0  sound.o(.rodata._ZL5shoot)
    circle                                   0x00019d5e   Data          60  st7735.o(.rodata._ZL6circle)
    [Anonymous Symbol]                       0x00019d5e   Section        0  st7735.o(.rodata._ZL6circle)
    Rcmd2red                                 0x00019d9a   Data          13  st7735.o(.rodata._ZL8Rcmd2red)
    [Anonymous Symbol]                       0x00019d9a   Section        0  st7735.o(.rodata._ZL8Rcmd2red)
    duck_pic                                 0x00019da8   Data        2304  main.o(.rodata._ZL8duck_pic)
    [Anonymous Symbol]                       0x00019da8   Section        0  main.o(.rodata._ZL8duck_pic)
    .L.str.1                                 0x0001a6a8   Data           8  main.o(.rodata.str1.1)
    .L.str.7                                 0x0001a6a8   Data           8  main.o(.rodata.str1.1)
    [Anonymous Symbol]                       0x0001a6a8   Section        0  main.o(.rodata.str1.1)
    .L.str.6                                 0x0001a6b0   Data           8  main.o(.rodata.str1.1)
    .L.str.4                                 0x0001a6b8   Data           8  main.o(.rodata.str1.1)
    .L.str.8                                 0x0001a6c0   Data           9  main.o(.rodata.str1.1)
    .L.str.2                                 0x0001a6c9   Data           9  main.o(.rodata.str1.1)
    .L.str.9                                 0x0001a6c9   Data           9  main.o(.rodata.str1.1)
    .L.str                                   0x0001a6d2   Data           8  main.o(.rodata.str1.1)
    .L.str.5                                 0x0001a6d2   Data           8  main.o(.rodata.str1.1)
    .L.str.1                                 0x0001a6da   Data          19  main.o(.rodata.str1.1)
    .L.str                                   0x0001a6ed   Data          16  main.o(.rodata.str1.1)
    .L.str.3                                 0x0001a6fd   Data          16  main.o(.rodata.str1.1)
    .L.str.2                                 0x0001a70d   Data          16  main.o(.rodata.str1.1)
    .L.str.1                                 0x0001a71d   Data          22  st7735.o(.rodata.str1.1)
    [Anonymous Symbol]                       0x0001a71d   Section        0  st7735.o(.rodata.str1.1)
    .L.str                                   0x0001a733   Data           6  st7735.o(.rodata.str1.1)
    .init_array                              0x0001a764   Section        0  init_aeabi.o(.init_array)
    _width                                   0x20000002   Data           2  st7735.o(.data._ZL6_width)
    [Anonymous Symbol]                       0x20000002   Section        0  st7735.o(.data._ZL6_width)
    _height                                  0x20000004   Data           2  st7735.o(.data._ZL7_height)
    [Anonymous Symbol]                       0x20000004   Section        0  st7735.o(.data._ZL7_height)
    .bss                                     0x20000038   Section       96  libspace.o(.bss)
    M                                        0x200000f4   Data           4  random.o(.bss._ZL1M)
    [Anonymous Symbol]                       0x200000f4   Section        0  random.o(.bss._ZL1M)
    ColStart                                 0x200000f8   Data           1  st7735.o(.bss._ZL8ColStart)
    [Anonymous Symbol]                       0x200000f8   Section        0  st7735.o(.bss._ZL8ColStart)
    Rotation                                 0x200000f9   Data           1  st7735.o(.bss._ZL8Rotation)
    [Anonymous Symbol]                       0x200000f9   Section        0  st7735.o(.bss._ZL8Rotation)
    RowStart                                 0x200000fa   Data           1  st7735.o(.bss._ZL8RowStart)
    [Anonymous Symbol]                       0x200000fa   Section        0  st7735.o(.bss._ZL8RowStart)
    TabColor                                 0x200000fb   Data           1  st7735.o(.bss._ZL8TabColor)
    [Anonymous Symbol]                       0x200000fb   Section        0  st7735.o(.bss._ZL8TabColor)
    Heap_Mem                                 0x20000140   Data        1024  startup_tm4c123.o(HEAP)
    HEAP                                     0x20000140   Section     1024  startup_tm4c123.o(HEAP)
    Stack_Mem                                0x20000540   Data        1024  startup_tm4c123.o(STACK)
    STACK                                    0x20000540   Section     1024  startup_tm4c123.o(STACK)
    __initial_sp                             0x20000940   Data           0  startup_tm4c123.o(STACK)

    Global Symbols

    Symbol Name                              Value     Ov Type        Size  Object(Section)

    BuildAttributes$$THM_ISAv4$E$P$D$K$B$S$7EM$PE$A:L22UL41UL21$X:L11$S22US41US21$IEEE1$IW$~IW$USESV6$~STKCKD$USESV7$~SHL$OSPACE$ROPI$EBA8$UX$STANDARDLIB$REQ8$PRES8$EABIv2 0x00000000   Number         0  anon$$obj.o ABSOLUTE
    __Vectors                                0x00000000   Data           4  startup_tm4c123.o(RESET)
    __fp_init_empty                          0x00000000   Number         0  fpinit_empty.o ABSOLUTE
    __ARM_exceptions_init                     - Undefined Weak Reference
    __alloca_initialize                       - Undefined Weak Reference
    __arm_preinit_                            - Undefined Weak Reference
    __arm_relocate_pie_                       - Undefined Weak Reference
    __cxa_finalize                            - Undefined Weak Reference
    __rt_locale                               - Undefined Weak Reference
    __sigvec_lookup                           - Undefined Weak Reference
    _atexit_init                              - Undefined Weak Reference
    _call_atexit_fns                          - Undefined Weak Reference
    _clock_init                               - Undefined Weak Reference
    _fp_trap_init                             - Undefined Weak Reference
    _fp_trap_shutdown                         - Undefined Weak Reference
    _get_lc_collate                           - Undefined Weak Reference
    _get_lc_ctype                             - Undefined Weak Reference
    _get_lc_monetary                          - Undefined Weak Reference
    _get_lc_numeric                           - Undefined Weak Reference
    _get_lc_time                              - Undefined Weak Reference
    _getenv_init                              - Undefined Weak Reference
    _handle_redirection                       - Undefined Weak Reference
    _init_alloc                               - Undefined Weak Reference
    _init_user_alloc                          - Undefined Weak Reference
    _initio                                   - Undefined Weak Reference
    _rand_init                                - Undefined Weak Reference
    _signal_finish                            - Undefined Weak Reference
    _signal_init                              - Undefined Weak Reference
    _terminate_alloc                          - Undefined Weak Reference
    _terminate_user_alloc                     - Undefined Weak Reference
    _terminateio                              - Undefined Weak Reference
    __Vectors_End                            0x0000026c   Data           0  startup_tm4c123.o(RESET)
    __Vectors_Size                           0x0000026c   Number         0  startup_tm4c123.o ABSOLUTE
    __main                                   0x0000026d   Thumb Code     8  __main.o(!!!main)
    __scatterload                            0x00000275   Thumb Code     0  __scatter.o(!!!scatter)
    __scatterload_rt2                        0x00000275   Thumb Code    44  __scatter.o(!!!scatter)
    __scatterload_rt2_thumb_only             0x00000275   Thumb Code     0  __scatter.o(!!!scatter)
    __scatterload_null                       0x00000283   Thumb Code     0  __scatter.o(!!!scatter)
    __scatterload_copy                       0x000002a9   Thumb Code    26  __scatter_copy.o(!!handler_copy)
    __scatterload_zeroinit                   0x000002c5   Thumb Code    28  __scatter_zi.o(!!handler_zi)
    __rt_lib_init                            0x000002e1   Thumb Code     0  libinit.o(.ARM.Collect$$libinit$$00000000)
    __rt_lib_init_alloca_1                   0x000002e3   Thumb Code     0  libinit2.o(.ARM.Collect$$libinit$$00000030)
    __rt_lib_init_argv_1                     0x000002e3   Thumb Code     0  libinit2.o(.ARM.Collect$$libinit$$0000002E)
    __rt_lib_init_atexit_1                   0x000002e3   Thumb Code     0  libinit2.o(.ARM.Collect$$libinit$$0000001D)
    __rt_lib_init_clock_1                    0x000002e3   Thumb Code     0  libinit2.o(.ARM.Collect$$libinit$$00000023)
    __rt_lib_init_cpp_2                      0x000002e3   Thumb Code     0  libinit2.o(.ARM.Collect$$libinit$$00000033)
    __rt_lib_init_exceptions_1               0x000002e3   Thumb Code     0  libinit2.o(.ARM.Collect$$libinit$$00000032)
    __rt_lib_init_fp_1                       0x000002e3   Thumb Code     0  libinit2.o(.ARM.Collect$$libinit$$00000002)
    __rt_lib_init_fp_trap_1                  0x000002e3   Thumb Code     0  libinit2.o(.ARM.Collect$$libinit$$00000021)
    __rt_lib_init_getenv_1                   0x000002e3   Thumb Code     0  libinit2.o(.ARM.Collect$$libinit$$00000025)
    __rt_lib_init_heap_1                     0x000002e3   Thumb Code     0  libinit2.o(.ARM.Collect$$libinit$$0000000C)
    __rt_lib_init_lc_collate_1               0x000002e3   Thumb Code     0  libinit2.o(.ARM.Collect$$libinit$$00000013)
    __rt_lib_init_lc_ctype_1                 0x000002e3   Thumb Code     0  libinit2.o(.ARM.Collect$$libinit$$00000015)
    __rt_lib_init_lc_monetary_1              0x000002e3   Thumb Code     0  libinit2.o(.ARM.Collect$$libinit$$00000017)
    __rt_lib_init_lc_numeric_1               0x000002e3   Thumb Code     0  libinit2.o(.ARM.Collect$$libinit$$00000019)
    __rt_lib_init_lc_time_1                  0x000002e3   Thumb Code     0  libinit2.o(.ARM.Collect$$libinit$$0000001B)
    __rt_lib_init_preinit_1                  0x000002e3   Thumb Code     0  libinit2.o(.ARM.Collect$$libinit$$00000006)
    __rt_lib_init_rand_1                     0x000002e3   Thumb Code     0  libinit2.o(.ARM.Collect$$libinit$$00000010)
    __rt_lib_init_relocate_pie_1             0x000002e3   Thumb Code     0  libinit2.o(.ARM.Collect$$libinit$$00000004)
    __rt_lib_init_signal_1                   0x000002e3   Thumb Code     0  libinit2.o(.ARM.Collect$$libinit$$0000001F)
    __rt_lib_init_stdio_1                    0x000002e3   Thumb Code     0  libinit2.o(.ARM.Collect$$libinit$$00000027)
    __rt_lib_init_user_alloc_1               0x000002e3   Thumb Code     0  libinit2.o(.ARM.Collect$$libinit$$0000000E)
    __rt_lib_init_cpp_1                      0x000002e7   Thumb Code     0  libinit2.o(.ARM.Collect$$libinit$$00000034)
    __rt_lib_init_return                     0x000002e7   Thumb Code     0  libinit2.o(.ARM.Collect$$libinit$$00000035)
    __rt_lib_shutdown                        0x000002e9   Thumb Code     0  libshutdown.o(.ARM.Collect$$libshutdown$$00000000)
    __rt_lib_shutdown_cpp_1                  0x000002eb   Thumb Code     0  libshutdown2.o(.ARM.Collect$$libshutdown$$00000002)
    __rt_lib_shutdown_fp_trap_1              0x000002eb   Thumb Code     0  libshutdown2.o(.ARM.Collect$$libshutdown$$00000007)
    __rt_lib_shutdown_heap_1                 0x000002eb   Thumb Code     0  libshutdown2.o(.ARM.Collect$$libshutdown$$0000000F)
    __rt_lib_shutdown_return                 0x000002eb   Thumb Code     0  libshutdown2.o(.ARM.Collect$$libshutdown$$00000010)
    __rt_lib_shutdown_signal_1               0x000002eb   Thumb Code     0  libshutdown2.o(.ARM.Collect$$libshutdown$$0000000A)
    __rt_lib_shutdown_stdio_1                0x000002eb   Thumb Code     0  libshutdown2.o(.ARM.Collect$$libshutdown$$00000004)
    __rt_lib_shutdown_user_alloc_1           0x000002eb   Thumb Code     0  libshutdown2.o(.ARM.Collect$$libshutdown$$0000000C)
    __rt_entry                               0x000002ed   Thumb Code     0  __rtentry.o(.ARM.Collect$$rtentry$$00000000)
    __rt_entry_presh_1                       0x000002ed   Thumb Code     0  __rtentry2.o(.ARM.Collect$$rtentry$$00000002)
    __rt_entry_sh                            0x000002ed   Thumb Code     0  __rtentry4.o(.ARM.Collect$$rtentry$$00000004)
    __rt_entry_li                            0x000002f3   Thumb Code     0  __rtentry2.o(.ARM.Collect$$rtentry$$0000000A)
    __rt_entry_postsh_1                      0x000002f3   Thumb Code     0  __rtentry2.o(.ARM.Collect$$rtentry$$00000009)
    __rt_entry_main                          0x000002f7   Thumb Code     0  __rtentry2.o(.ARM.Collect$$rtentry$$0000000D)
    __rt_entry_postli_1                      0x000002f7   Thumb Code     0  __rtentry2.o(.ARM.Collect$$rtentry$$0000000C)
    __rt_exit                                0x000002ff   Thumb Code     0  rtexit.o(.ARM.Collect$$rtexit$$00000000)
    __rt_exit_ls                             0x00000301   Thumb Code     0  rtexit2.o(.ARM.Collect$$rtexit$$00000003)
    __rt_exit_prels_1                        0x00000301   Thumb Code     0  rtexit2.o(.ARM.Collect$$rtexit$$00000002)
    __rt_exit_exit                           0x00000305   Thumb Code     0  rtexit2.o(.ARM.Collect$$rtexit$$00000004)
    Reset_Handler                            0x0000030d   Thumb Code     4  startup_tm4c123.o(.text)
    DisableInterrupts                        0x00000311   Thumb Code     4  startup_tm4c123.o(.text)
    EnableInterrupts                         0x00000315   Thumb Code     4  startup_tm4c123.o(.text)
    StartCritical                            0x00000319   Thumb Code     8  startup_tm4c123.o(.text)
    EndCritical                              0x00000321   Thumb Code     6  startup_tm4c123.o(.text)
    WaitForInterrupt                         0x00000327   Thumb Code     4  startup_tm4c123.o(.text)
    NMI_Handler                              0x0000032b   Thumb Code     2  startup_tm4c123.o(.text)
    HardFault_Handler                        0x0000032d   Thumb Code     2  startup_tm4c123.o(.text)
    MemManage_Handler                        0x0000032f   Thumb Code     2  startup_tm4c123.o(.text)
    BusFault_Handler                         0x00000331   Thumb Code     2  startup_tm4c123.o(.text)
    UsageFault_Handler                       0x00000333   Thumb Code     2  startup_tm4c123.o(.text)
    SVC_Handler                              0x00000335   Thumb Code     2  startup_tm4c123.o(.text)
    DebugMon_Handler                         0x00000337   Thumb Code     2  startup_tm4c123.o(.text)
    PendSV_Handler                           0x00000339   Thumb Code     2  startup_tm4c123.o(.text)
    GPIOA_Handler                            0x0000033d   Thumb Code     2  startup_tm4c123.o(.text)
    GPIOB_Handler                            0x0000033f   Thumb Code     2  startup_tm4c123.o(.text)
    GPIOC_Handler                            0x00000341   Thumb Code     2  startup_tm4c123.o(.text)
    GPIOD_Handler                            0x00000343   Thumb Code     2  startup_tm4c123.o(.text)
    GPIOE_Handler                            0x00000345   Thumb Code     2  startup_tm4c123.o(.text)
    UART0_Handler                            0x00000347   Thumb Code     2  startup_tm4c123.o(.text)
    SSI0_Handler                             0x0000034b   Thumb Code     2  startup_tm4c123.o(.text)
    I2C0_Handler                             0x0000034d   Thumb Code     2  startup_tm4c123.o(.text)
    PMW0_FAULT_Handler                       0x0000034f   Thumb Code     2  startup_tm4c123.o(.text)
    PWM0_0_Handler                           0x00000351   Thumb Code     2  startup_tm4c123.o(.text)
    PWM0_1_Handler                           0x00000353   Thumb Code     2  startup_tm4c123.o(.text)
    PWM0_2_Handler                           0x00000355   Thumb Code     2  startup_tm4c123.o(.text)
    QEI0_Handler                             0x00000357   Thumb Code     2  startup_tm4c123.o(.text)
    ADC0SS0_Handler                          0x00000359   Thumb Code     2  startup_tm4c123.o(.text)
    ADC0SS1_Handler                          0x0000035b   Thumb Code     2  startup_tm4c123.o(.text)
    ADC0SS2_Handler                          0x0000035d   Thumb Code     2  startup_tm4c123.o(.text)
    ADC0SS3_Handler                          0x0000035f   Thumb Code     2  startup_tm4c123.o(.text)
    WDT0_Handler                             0x00000361   Thumb Code     2  startup_tm4c123.o(.text)
    TIMER0B_Handler                          0x00000365   Thumb Code     2  startup_tm4c123.o(.text)
    TIMER1B_Handler                          0x00000369   Thumb Code     2  startup_tm4c123.o(.text)
    TIMER2A_Handler                          0x0000036b   Thumb Code     2  startup_tm4c123.o(.text)
    TIMER2B_Handler                          0x0000036d   Thumb Code     2  startup_tm4c123.o(.text)
    COMP0_Handler                            0x0000036f   Thumb Code     2  startup_tm4c123.o(.text)
    COMP1_Handler                            0x00000371   Thumb Code     2  startup_tm4c123.o(.text)
    COMP2_Handler                            0x00000373   Thumb Code     2  startup_tm4c123.o(.text)
    SYSCTL_Handler                           0x00000375   Thumb Code     2  startup_tm4c123.o(.text)
    FLASH_Handler                            0x00000377   Thumb Code     2  startup_tm4c123.o(.text)
    GPIOF_Handler                            0x00000379   Thumb Code     2  startup_tm4c123.o(.text)
    GPIOG_Handler                            0x0000037b   Thumb Code     2  startup_tm4c123.o(.text)
    GPIOH_Handler                            0x0000037d   Thumb Code     2  startup_tm4c123.o(.text)
    UART2_Handler                            0x0000037f   Thumb Code     2  startup_tm4c123.o(.text)
    SSI1_Handler                             0x00000381   Thumb Code     2  startup_tm4c123.o(.text)
    TIMER3A_Handler                          0x00000383   Thumb Code     2  startup_tm4c123.o(.text)
    TIMER3B_Handler                          0x00000385   Thumb Code     2  startup_tm4c123.o(.text)
    I2C1_Handler                             0x00000387   Thumb Code     2  startup_tm4c123.o(.text)
    QEI1_Handler                             0x00000389   Thumb Code     2  startup_tm4c123.o(.text)
    CAN0_Handler                             0x0000038b   Thumb Code     2  startup_tm4c123.o(.text)
    CAN1_Handler                             0x0000038d   Thumb Code     2  startup_tm4c123.o(.text)
    CAN2_Handler                             0x0000038f   Thumb Code     2  startup_tm4c123.o(.text)
    HIB_Handler                              0x00000391   Thumb Code     2  startup_tm4c123.o(.text)
    USB0_Handler                             0x00000393   Thumb Code     2  startup_tm4c123.o(.text)
    PWM0_3_Handler                           0x00000395   Thumb Code     2  startup_tm4c123.o(.text)
    UDMA_Handler                             0x00000397   Thumb Code     2  startup_tm4c123.o(.text)
    UDMAERR_Handler                          0x00000399   Thumb Code     2  startup_tm4c123.o(.text)
    ADC1SS0_Handler                          0x0000039b   Thumb Code     2  startup_tm4c123.o(.text)
    ADC1SS1_Handler                          0x0000039d   Thumb Code     2  startup_tm4c123.o(.text)
    ADC1SS2_Handler                          0x0000039f   Thumb Code     2  startup_tm4c123.o(.text)
    ADC1SS3_Handler                          0x000003a1   Thumb Code     2  startup_tm4c123.o(.text)
    GPIOJ_Handler                            0x000003a3   Thumb Code     2  startup_tm4c123.o(.text)
    GPIOK_Handler                            0x000003a5   Thumb Code     2  startup_tm4c123.o(.text)
    GPIOL_Handler                            0x000003a7   Thumb Code     2  startup_tm4c123.o(.text)
    SSI2_Handler                             0x000003a9   Thumb Code     2  startup_tm4c123.o(.text)
    SSI3_Handler                             0x000003ab   Thumb Code     2  startup_tm4c123.o(.text)
    UART3_Handler                            0x000003ad   Thumb Code     2  startup_tm4c123.o(.text)
    UART4_Handler                            0x000003af   Thumb Code     2  startup_tm4c123.o(.text)
    UART5_Handler                            0x000003b1   Thumb Code     2  startup_tm4c123.o(.text)
    UART6_Handler                            0x000003b3   Thumb Code     2  startup_tm4c123.o(.text)
    UART7_Handler                            0x000003b5   Thumb Code     2  startup_tm4c123.o(.text)
    I2C2_Handler                             0x000003b7   Thumb Code     2  startup_tm4c123.o(.text)
    I2C3_Handler                             0x000003b9   Thumb Code     2  startup_tm4c123.o(.text)
    TIMER4A_Handler                          0x000003bb   Thumb Code     2  startup_tm4c123.o(.text)
    TIMER4B_Handler                          0x000003bd   Thumb Code     2  startup_tm4c123.o(.text)
    TIMER5B_Handler                          0x000003c1   Thumb Code     2  startup_tm4c123.o(.text)
    WTIMER0A_Handler                         0x000003c3   Thumb Code     2  startup_tm4c123.o(.text)
    WTIMER0B_Handler                         0x000003c5   Thumb Code     2  startup_tm4c123.o(.text)
    WTIMER1A_Handler                         0x000003c7   Thumb Code     2  startup_tm4c123.o(.text)
    WTIMER1B_Handler                         0x000003c9   Thumb Code     2  startup_tm4c123.o(.text)
    WTIMER2A_Handler                         0x000003cb   Thumb Code     2  startup_tm4c123.o(.text)
    WTIMER2B_Handler                         0x000003cd   Thumb Code     2  startup_tm4c123.o(.text)
    WTIMER3A_Handler                         0x000003cf   Thumb Code     2  startup_tm4c123.o(.text)
    WTIMER3B_Handler                         0x000003d1   Thumb Code     2  startup_tm4c123.o(.text)
    WTIMER4A_Handler                         0x000003d3   Thumb Code     2  startup_tm4c123.o(.text)
    WTIMER4B_Handler                         0x000003d5   Thumb Code     2  startup_tm4c123.o(.text)
    WTIMER5A_Handler                         0x000003d7   Thumb Code     2  startup_tm4c123.o(.text)
    WTIMER5B_Handler                         0x000003d9   Thumb Code     2  startup_tm4c123.o(.text)
    FPU_Handler                              0x000003db   Thumb Code     2  startup_tm4c123.o(.text)
    I2C4_Handler                             0x000003dd   Thumb Code     2  startup_tm4c123.o(.text)
    I2C5_Handler                             0x000003df   Thumb Code     2  startup_tm4c123.o(.text)
    GPIOM_Handler                            0x000003e1   Thumb Code     2  startup_tm4c123.o(.text)
    GPION_Handler                            0x000003e3   Thumb Code     2  startup_tm4c123.o(.text)
    QEI2_Handler                             0x000003e5   Thumb Code     2  startup_tm4c123.o(.text)
    GPIOP0_Handler                           0x000003e7   Thumb Code     2  startup_tm4c123.o(.text)
    GPIOP1_Handler                           0x000003e9   Thumb Code     2  startup_tm4c123.o(.text)
    GPIOP2_Handler                           0x000003eb   Thumb Code     2  startup_tm4c123.o(.text)
    GPIOP3_Handler                           0x000003ed   Thumb Code     2  startup_tm4c123.o(.text)
    GPIOP4_Handler                           0x000003ef   Thumb Code     2  startup_tm4c123.o(.text)
    GPIOP5_Handler                           0x000003f1   Thumb Code     2  startup_tm4c123.o(.text)
    GPIOP6_Handler                           0x000003f3   Thumb Code     2  startup_tm4c123.o(.text)
    GPIOP7_Handler                           0x000003f5   Thumb Code     2  startup_tm4c123.o(.text)
    GPIOQ0_Handler                           0x000003f7   Thumb Code     2  startup_tm4c123.o(.text)
    GPIOQ1_Handler                           0x000003f9   Thumb Code     2  startup_tm4c123.o(.text)
    GPIOQ2_Handler                           0x000003fb   Thumb Code     2  startup_tm4c123.o(.text)
    GPIOQ3_Handler                           0x000003fd   Thumb Code     2  startup_tm4c123.o(.text)
    GPIOQ4_Handler                           0x000003ff   Thumb Code     2  startup_tm4c123.o(.text)
    GPIOQ5_Handler                           0x00000401   Thumb Code     2  startup_tm4c123.o(.text)
    GPIOQ6_Handler                           0x00000403   Thumb Code     2  startup_tm4c123.o(.text)
    GPIOQ7_Handler                           0x00000405   Thumb Code     2  startup_tm4c123.o(.text)
    GPIOR_Handler                            0x00000407   Thumb Code     2  startup_tm4c123.o(.text)
    GPIOS_Handler                            0x00000409   Thumb Code     2  startup_tm4c123.o(.text)
    PMW1_0_Handler                           0x0000040b   Thumb Code     2  startup_tm4c123.o(.text)
    PWM1_1_Handler                           0x0000040d   Thumb Code     2  startup_tm4c123.o(.text)
    PWM1_2_Handler                           0x0000040f   Thumb Code     2  startup_tm4c123.o(.text)
    PWM1_3_Handler                           0x00000411   Thumb Code     2  startup_tm4c123.o(.text)
    PWM1_FAULT_Handler                       0x00000413   Thumb Code     2  startup_tm4c123.o(.text)
    __user_initial_stackheap                 0x00000415   Thumb Code     0  startup_tm4c123.o(.text)
    SysTick_Init()                           0x0000044d   Thumb Code    46  main.o(.text)
    SysTick_Handler                          0x0000047d   Thumb Code    94  main.o(.text)
    background()                             0x000004dd   Thumb Code    76  main.o(.text)
    clock()                                  0x00000529   Thumb Code   210  main.o(.text)
    ducksound()                              0x000005fd   Thumb Code     2  main.o(.text)
    main                                     0x00000601   Thumb Code   896  main.o(.text)
    DAC_Init()                               0x00000989   Thumb Code    62  dac.o(.text)
    DAC_Out(unsigned int)                    0x000009c9   Thumb Code    20  dac.o(.text)
    Switch_Init()                            0x000009dd   Thumb Code   148  dac.o(.text)
    Button_Press(int, int)                   0x00000a71   Thumb Code   252  dac.o(.text)
    Collision(int, int)                      0x00000b6d   Thumb Code   138  dac.o(.text)
    Pause_Screen()                           0x00000bf9   Thumb Code   218  dac.o(.text)
    Game_Over()                              0x00000cd5   Thumb Code    46  dac.o(.text)
    PLL_Init(unsigned int)                   0x00000d05   Thumb Code   138  pll.o(.text)
    Random_Init(unsigned int)                0x00000d91   Thumb Code    20  random.o(.text)
    Random32()                               0x00000da5   Thumb Code    36  random.o(.text)
    Random()                                 0x00000dc9   Thumb Code    36  random.o(.text)
    Delay1ms(unsigned int)                   0x00000ded   Thumb Code    46  st7735.o(.text)
    ST7735_InitB()                           0x00000e1d   Thumb Code    50  st7735.o(.text)
    ST7735_SetCursor(unsigned int, unsigned int) 0x00000ff5   Thumb Code    54  st7735.o(.text)
    ST7735_FillScreen(unsigned short)        0x0000102d   Thumb Code    52  st7735.o(.text)
    ST7735_InitR(initRFlags)                 0x00001061   Thumb Code   166  st7735.o(.text)
    ST7735_DrawPixel(short, short, unsigned short) 0x0000124d   Thumb Code   116  st7735.o(.text)
    ST7735_DrawFastVLine(short, short, short, unsigned short) 0x00001395   Thumb Code   204  st7735.o(.text)
    ST7735_DrawFastHLine(short, short, short, unsigned short) 0x00001461   Thumb Code   204  st7735.o(.text)
    ST7735_FillRect(short, short, short, short, unsigned short) 0x0000152d   Thumb Code   324  st7735.o(.text)
    ST7735_DrawSmallCircle(short, short, unsigned short) 0x00001671   Thumb Code   218  st7735.o(.text)
    ST7735_DrawCircle(short, short, unsigned short) 0x0000174d   Thumb Code   218  st7735.o(.text)
    ST7735_Color565(unsigned char, unsigned char, unsigned char) 0x00001829   Thumb Code    48  st7735.o(.text)
    ST7735_SwapColor(unsigned short)         0x00001859   Thumb Code    28  st7735.o(.text)
    ST7735_DrawBitmap(short, short, unsigned short const*, short, short) 0x00001875   Thumb Code   594  st7735.o(.text)
    ST7735_DrawCharS(short, short, char, short, short, unsigned char) 0x00001ac9   Thumb Code   438  st7735.o(.text)
    ST7735_DrawChar(short, short, char, short, short, unsigned char) 0x00001c81   Thumb Code   438  st7735.o(.text)
    ST7735_DrawString(unsigned short, unsigned short, char*, short) 0x00001e39   Thumb Code   154  st7735.o(.text)
    fillmessage(unsigned int)                0x00001ed5   Thumb Code   112  st7735.o(.text)
    ST7735_OutUDec(unsigned int)             0x00001f45   Thumb Code   166  st7735.o(.text)
    ST7735_OutFix(unsigned int)              0x00001fed   Thumb Code   190  st7735.o(.text)
    ST7735_OutString                         0x000020ad   Thumb Code    36  st7735.o(.text)
    ST7735_OutChar                           0x000020d1   Thumb Code   270  st7735.o(.text)
    ST7735_SetRotation(unsigned char)        0x000021e1   Thumb Code   294  st7735.o(.text)
    ST7735_InvertDisplay(int)                0x00002309   Thumb Code    36  st7735.o(.text)
    ST7735_PlotClear(int, int)               0x0000232d   Thumb Code   144  st7735.o(.text)
    ST7735_PlotPoint(int)                    0x000023bd   Thumb Code   222  st7735.o(.text)
    ST7735_PlotLine(int)                     0x0000249d   Thumb Code   462  st7735.o(.text)
    ST7735_PlotPoints(int, int)              0x0000266d   Thumb Code   314  st7735.o(.text)
    ST7735_PlotBar(int)                      0x000027a9   Thumb Code   138  st7735.o(.text)
    ST7735_PlotdBfs(int)                     0x00002835   Thumb Code    96  st7735.o(.text)
    ST7735_PlotNext()                        0x00002895   Thumb Code    48  st7735.o(.text)
    ST7735_PlotNextErase()                   0x000028c5   Thumb Code    90  st7735.o(.text)
    ST7735_SetTextColor(unsigned short)      0x00002921   Thumb Code    24  st7735.o(.text)
    Output_Init()                            0x00002939   Thumb Code    18  st7735.o(.text)
    Output_Clear()                           0x0000294d   Thumb Code    10  st7735.o(.text)
    Output_Off()                             0x00002959   Thumb Code     8  st7735.o(.text)
    Output_On()                              0x00002961   Thumb Code     8  st7735.o(.text)
    Output_Color(unsigned int)               0x00002969   Thumb Code    18  st7735.o(.text)
    ADC_Init()                               0x0000297d   Thumb Code   284  slidepot.o(.text)
    ADC_In()                                 0x00002a99   Thumb Code    70  slidepot.o(.text)
    SlidePot::SlidePot(unsigned int, unsigned int) 0x00002ae1   Thumb Code    22  slidepot.o(.text)
    SlidePot::SlidePot__sub_object(unsigned int, unsigned int) 0x00002ae1   Thumb Code    22  slidepot.o(.text)
    SlidePot::Save(unsigned int)             0x00002af9   Thumb Code    34  slidepot.o(.text)
    SlidePot::Convert(unsigned int)          0x00002b1d   Thumb Code    24  slidepot.o(.text)
    SlidePot::Sync()                         0x00002b35   Thumb Code    30  slidepot.o(.text)
    SlidePot::ADCsample()                    0x00002b55   Thumb Code    12  slidepot.o(.text)
    SlidePot::Distance()                     0x00002b61   Thumb Code    12  slidepot.o(.text)
    Sound_Handle()                           0x00002b6d   Thumb Code    66  sound.o(.text)
    Sound_Init()                             0x00002bb1   Thumb Code    36  sound.o(.text)
    Sound_Play(unsigned char const*, unsigned int) 0x00002bd5   Thumb Code    34  sound.o(.text)
    Sound_Shoot()                            0x00002bf9   Thumb Code    20  sound.o(.text)
    Sound_duck()                             0x00002c0d   Thumb Code    20  sound.o(.text)
    Timer0_Init(void (*)(), unsigned int)    0x00002c21   Thumb Code   140  timer0.o(.text)
    TIMER0A_Handler                          0x00002cad   Thumb Code    34  timer0.o(.text)
    Timer1_Init(void (*)(), unsigned int)    0x00002cd1   Thumb Code   154  timer1.o(.text)
    TIMER1A_Handler                          0x00002d6d   Thumb Code    28  timer1.o(.text)
    UART_Init()                              0x00002d99   Thumb Code   280  uart.o(.text)
    UART_InChar()                            0x00002eb1   Thumb Code    36  uart.o(.text)
    UART_InStatus()                          0x00002ed5   Thumb Code    16  uart.o(.text)
    UART_OutChar(char)                       0x00002ee5   Thumb Code    46  uart.o(.text)
    UART1_Handler                            0x00002f15   Thumb Code   110  uart.o(.text)
    UART_OutString(char*)                    0x00002f85   Thumb Code    36  uart.o(.text)
    UART_OutUDec(unsigned int)               0x00002fa9   Thumb Code    72  uart.o(.text)
    UART_InMessage(char*)                    0x00002ff1   Thumb Code     8  uart.o(.text)
    Queue::Queue()                           0x00003001   Thumb Code    10  fifo.o(.text)
    Queue::Queue__sub_object()               0x00003001   Thumb Code    10  fifo.o(.text)
    Queue::IsEmpty()                         0x0000300d   Thumb Code    10  fifo.o(.text)
    Queue::IsFull()                          0x00003019   Thumb Code    10  fifo.o(.text)
    Queue::Put(char)                         0x00003025   Thumb Code    14  fifo.o(.text)
    Queue::Get(char*)                        0x00003035   Thumb Code    12  fifo.o(.text)
    Queue::Print()                           0x00003041   Thumb Code     8  fifo.o(.text)
    TExaS_Init()                             0x00003049   Thumb Code   150  texas.o(.text)
    UART0_Init()                             0x000030e1   Thumb Code   192  texas.o(.text)
    ADC1_Init()                              0x000031a1   Thumb Code   244  texas.o(.text)
    TIMER5A_Handler                          0x00003295   Thumb Code    36  texas.o(.text)
    TExaS_Stop()                             0x000032b9   Thumb Code    28  texas.o(.text)
    __use_two_region_memory                  0x000032d5   Thumb Code     2  heapauxi.o(.text)
    __rt_heap_escrow$2region                 0x000032d7   Thumb Code     2  heapauxi.o(.text)
    __rt_heap_expand$2region                 0x000032d9   Thumb Code     2  heapauxi.o(.text)
    __cpp_initialize__aeabi_                 0x000032dd   Thumb Code    28  init_aeabi.o(.text)
    __user_setup_stackheap                   0x00003301   Thumb Code    74  sys_stackheap_outer.o(.text)
    exit                                     0x0000334b   Thumb Code    18  exit.o(.text)
    __user_libspace                          0x0000335d   Thumb Code     8  libspace.o(.text)
    __user_perproc_libspace                  0x0000335d   Thumb Code     0  libspace.o(.text)
    __user_perthread_libspace                0x0000335d   Thumb Code     0  libspace.o(.text)
    __I$use$semihosting                      0x00003365   Thumb Code     0  use_no_semi.o(.text)
    __use_no_semihosting_swi                 0x00003365   Thumb Code     2  use_no_semi.o(.text)
    __semihosting_library_function           0x00003367   Thumb Code     0  indicate_semi.o(.text)
    _sys_exit                                0x00003369   Thumb Code     8  sys_exit.o(.text)
    Region$$Table$$Base                      0x0001a73c   Number         0  anon$$obj.o(Region$$Table)
    Region$$Table$$Limit                     0x0001a75c   Number         0  anon$$obj.o(Region$$Table)
    SHT$$INIT_ARRAY$$Base                    0x0001a75c   Number         0  main.o(.init_array)
    SHT$$INIT_ARRAY$$Limit                   0x0001a764   Number         0  init_aeabi.o(.init_array)
    StTextColor                              0x20000000   Data           2  st7735.o(.data.StTextColor)
    bill                                     0x20000008   Data          16  main.o(.data.bill)
    duck                                     0x20000018   Data          16  main.o(.data.duck)
    level                                    0x20000028   Data           1  main.o(.data.level)
    period                                   0x2000002c   Data           4  main.o(.data.period)
    shot_count                               0x20000030   Data           1  main.o(.data.shot_count)
    __libspace_start                         0x20000038   Data          96  libspace.o(.bss)
    Message                                  0x20000098   Data          12  st7735.o(.bss.Message)
    __temporary_stack_top$libspace           0x20000098   Data           0  libspace.o(.bss)
    Messageindex                             0x200000a4   Data           4  st7735.o(.bss.Messageindex)
    PeriodicTask0                            0x200000a8   Data           4  timer0.o(.bss.PeriodicTask0)
    PeriodicTask1                            0x200000ac   Data           4  timer1.o(.bss.PeriodicTask1)
    RxCounter                                0x200000b0   Data           4  uart.o(.bss.RxCounter)
    RxFifo                                   0x200000b4   Data          40  uart.o(.bss.RxFifo)
    StX                                      0x200000dc   Data           4  st7735.o(.bss.StX)
    StY                                      0x200000e0   Data           4  st7735.o(.bss.StY)
    X                                        0x200000e4   Data           4  st7735.o(.bss.X)
    Ymax                                     0x200000e8   Data           4  st7735.o(.bss.Ymax)
    Ymin                                     0x200000ec   Data           4  st7735.o(.bss.Ymin)
    Yrange                                   0x200000f0   Data           4  st7735.o(.bss.Yrange)
    button1                                  0x200000fc   Data           1  main.o(.bss.button1)
    button2                                  0x200000fd   Data           1  main.o(.bss.button2)
    counter                                  0x20000100   Data           4  main.o(.bss.counter)
    flag                                     0x20000104   Data           4  main.o(.bss.flag)
    flag2                                    0x20000108   Data           4  dac.o(.bss.flag2)
    flag3                                    0x2000010c   Data           4  dac.o(.bss.flag3)
    language                                 0x20000110   Data           4  main.o(.bss.language)
    lastj                                    0x20000114   Data           4  st7735.o(.bss.lastj)
    len                                      0x20000118   Data           4  sound.o(.bss.len)
    my                                       0x2000011c   Data          20  main.o(.bss.my)
    pause_flag                               0x20000130   Data           1  dac.o(.bss.pause_flag)
    points                                   0x20000131   Data           1  main.o(.bss.points)
    sp                                       0x20000134   Data           4  sound.o(.bss.sp)
    time                                     0x20000138   Data           4  main.o(.bss.time)



==============================================================================

Memory Map of the image

  Image Entry point : 0x0000026d

  Load Region LR_IROM1 (Base: 0x00000000, Size: 0x0001a7a0, Max: 0x00040000, ABSOLUTE)

    Execution Region ER_IROM1 (Exec base: 0x00000000, Load base: 0x00000000, Size: 0x0001a764, Max: 0x00040000, ABSOLUTE)

    Exec Addr    Load Addr    Size         Type   Attr      Idx    E Section Name        Object

    0x00000000   0x00000000   0x0000026c   Data   RO            3    RESET               startup_tm4c123.o
    0x0000026c   0x0000026c   0x00000008   Code   RO          158  * !!!main             c_w.l(__main.o)
    0x00000274   0x00000274   0x00000034   Code   RO          333    !!!scatter          c_w.l(__scatter.o)
    0x000002a8   0x000002a8   0x0000001a   Code   RO          335    !!handler_copy      c_w.l(__scatter_copy.o)
    0x000002c2   0x000002c2   0x00000002   PAD
    0x000002c4   0x000002c4   0x0000001c   Code   RO          337    !!handler_zi        c_w.l(__scatter_zi.o)
    0x000002e0   0x000002e0   0x00000002   Code   RO          250    .ARM.Collect$$libinit$$00000000  c_w.l(libinit.o)
    0x000002e2   0x000002e2   0x00000000   Code   RO          168    .ARM.Collect$$libinit$$00000002  c_w.l(libinit2.o)
    0x000002e2   0x000002e2   0x00000000   Code   RO          170    .ARM.Collect$$libinit$$00000004  c_w.l(libinit2.o)
    0x000002e2   0x000002e2   0x00000000   Code   RO          172    .ARM.Collect$$libinit$$00000006  c_w.l(libinit2.o)
    0x000002e2   0x000002e2   0x00000000   Code   RO          175    .ARM.Collect$$libinit$$0000000C  c_w.l(libinit2.o)
    0x000002e2   0x000002e2   0x00000000   Code   RO          177    .ARM.Collect$$libinit$$0000000E  c_w.l(libinit2.o)
    0x000002e2   0x000002e2   0x00000000   Code   RO          179    .ARM.Collect$$libinit$$00000010  c_w.l(libinit2.o)
    0x000002e2   0x000002e2   0x00000000   Code   RO          182    .ARM.Collect$$libinit$$00000013  c_w.l(libinit2.o)
    0x000002e2   0x000002e2   0x00000000   Code   RO          184    .ARM.Collect$$libinit$$00000015  c_w.l(libinit2.o)
    0x000002e2   0x000002e2   0x00000000   Code   RO          186    .ARM.Collect$$libinit$$00000017  c_w.l(libinit2.o)
    0x000002e2   0x000002e2   0x00000000   Code   RO          188    .ARM.Collect$$libinit$$00000019  c_w.l(libinit2.o)
    0x000002e2   0x000002e2   0x00000000   Code   RO          190    .ARM.Collect$$libinit$$0000001B  c_w.l(libinit2.o)
    0x000002e2   0x000002e2   0x00000000   Code   RO          192    .ARM.Collect$$libinit$$0000001D  c_w.l(libinit2.o)
    0x000002e2   0x000002e2   0x00000000   Code   RO          194    .ARM.Collect$$libinit$$0000001F  c_w.l(libinit2.o)
    0x000002e2   0x000002e2   0x00000000   Code   RO          196    .ARM.Collect$$libinit$$00000021  c_w.l(libinit2.o)
    0x000002e2   0x000002e2   0x00000000   Code   RO          198    .ARM.Collect$$libinit$$00000023  c_w.l(libinit2.o)
    0x000002e2   0x000002e2   0x00000000   Code   RO          200    .ARM.Collect$$libinit$$00000025  c_w.l(libinit2.o)
    0x000002e2   0x000002e2   0x00000000   Code   RO          202    .ARM.Collect$$libinit$$00000027  c_w.l(libinit2.o)
    0x000002e2   0x000002e2   0x00000000   Code   RO          206    .ARM.Collect$$libinit$$0000002E  c_w.l(libinit2.o)
    0x000002e2   0x000002e2   0x00000000   Code   RO          208    .ARM.Collect$$libinit$$00000030  c_w.l(libinit2.o)
    0x000002e2   0x000002e2   0x00000000   Code   RO          210    .ARM.Collect$$libinit$$00000032  c_w.l(libinit2.o)
    0x000002e2   0x000002e2   0x00000004   Code   RO          211    .ARM.Collect$$libinit$$00000033  c_w.l(libinit2.o)
    0x000002e6   0x000002e6   0x00000000   Code   RO          212    .ARM.Collect$$libinit$$00000034  c_w.l(libinit2.o)
    0x000002e6   0x000002e6   0x00000002   Code   RO          213    .ARM.Collect$$libinit$$00000035  c_w.l(libinit2.o)
    0x000002e8   0x000002e8   0x00000002   Code   RO          292    .ARM.Collect$$libshutdown$$00000000  c_w.l(libshutdown.o)
    0x000002ea   0x000002ea   0x00000000   Code   RO          300    .ARM.Collect$$libshutdown$$00000002  c_w.l(libshutdown2.o)
    0x000002ea   0x000002ea   0x00000000   Code   RO          302    .ARM.Collect$$libshutdown$$00000004  c_w.l(libshutdown2.o)
    0x000002ea   0x000002ea   0x00000000   Code   RO          305    .ARM.Collect$$libshutdown$$00000007  c_w.l(libshutdown2.o)
    0x000002ea   0x000002ea   0x00000000   Code   RO          308    .ARM.Collect$$libshutdown$$0000000A  c_w.l(libshutdown2.o)
    0x000002ea   0x000002ea   0x00000000   Code   RO          310    .ARM.Collect$$libshutdown$$0000000C  c_w.l(libshutdown2.o)
    0x000002ea   0x000002ea   0x00000000   Code   RO          313    .ARM.Collect$$libshutdown$$0000000F  c_w.l(libshutdown2.o)
    0x000002ea   0x000002ea   0x00000002   Code   RO          314    .ARM.Collect$$libshutdown$$00000010  c_w.l(libshutdown2.o)
    0x000002ec   0x000002ec   0x00000000   Code   RO          166    .ARM.Collect$$rtentry$$00000000  c_w.l(__rtentry.o)
    0x000002ec   0x000002ec   0x00000000   Code   RO          219    .ARM.Collect$$rtentry$$00000002  c_w.l(__rtentry2.o)
    0x000002ec   0x000002ec   0x00000006   Code   RO          231    .ARM.Collect$$rtentry$$00000004  c_w.l(__rtentry4.o)
    0x000002f2   0x000002f2   0x00000000   Code   RO          221    .ARM.Collect$$rtentry$$00000009  c_w.l(__rtentry2.o)
    0x000002f2   0x000002f2   0x00000004   Code   RO          222    .ARM.Collect$$rtentry$$0000000A  c_w.l(__rtentry2.o)
    0x000002f6   0x000002f6   0x00000000   Code   RO          224    .ARM.Collect$$rtentry$$0000000C  c_w.l(__rtentry2.o)
    0x000002f6   0x000002f6   0x00000008   Code   RO          225    .ARM.Collect$$rtentry$$0000000D  c_w.l(__rtentry2.o)
    0x000002fe   0x000002fe   0x00000002   Code   RO          258    .ARM.Collect$$rtexit$$00000000  c_w.l(rtexit.o)
    0x00000300   0x00000300   0x00000000   Code   RO          270    .ARM.Collect$$rtexit$$00000002  c_w.l(rtexit2.o)
    0x00000300   0x00000300   0x00000004   Code   RO          271    .ARM.Collect$$rtexit$$00000003  c_w.l(rtexit2.o)
    0x00000304   0x00000304   0x00000006   Code   RO          272    .ARM.Collect$$rtexit$$00000004  c_w.l(rtexit2.o)
    0x0000030a   0x0000030a   0x00000002   PAD
    0x0000030c   0x0000030c   0x00000128   Code   RO            4    .text               startup_tm4c123.o
    0x00000434   0x00000434   0x00000554   Code   RO           10    .text               main.o
    0x00000988   0x00000988   0x0000037a   Code   RO           35    .text               dac.o
    0x00000d02   0x00000d02   0x00000002   PAD
    0x00000d04   0x00000d04   0x0000008a   Code   RO           48    .text               pll.o
    0x00000d8e   0x00000d8e   0x00000002   PAD
    0x00000d90   0x00000d90   0x0000005c   Code   RO           55    .text               random.o
    0x00000dec   0x00000dec   0x00001b8e   Code   RO           63    .text               st7735.o
    0x0000297a   0x0000297a   0x00000002   PAD
    0x0000297c   0x0000297c   0x000001f0   Code   RO           96    .text               slidepot.o
    0x00002b6c   0x00002b6c   0x000000b4   Code   RO          103    .text               sound.o
    0x00002c20   0x00002c20   0x000000ae   Code   RO          114    .text               timer0.o
    0x00002cce   0x00002cce   0x00000002   PAD
    0x00002cd0   0x00002cd0   0x000000b8   Code   RO          122    .text               timer1.o
    0x00002d88   0x00002d88   0x00000278   Code   RO          130    .text               uart.o
    0x00003000   0x00003000   0x00000048   Code   RO          140    .text               fifo.o
    0x00003048   0x00003048   0x0000028c   Code   RO          147    .text               texas.o
    0x000032d4   0x000032d4   0x00000006   Code   RO          156    .text               c_w.l(heapauxi.o)
    0x000032da   0x000032da   0x00000002   PAD
    0x000032dc   0x000032dc   0x00000024   Code   RO          163    .text               c_w.l(init_aeabi.o)
    0x00003300   0x00003300   0x0000004a   Code   RO          237    .text               c_w.l(sys_stackheap_outer.o)
    0x0000334a   0x0000334a   0x00000012   Code   RO          239    .text               c_w.l(exit.o)
    0x0000335c   0x0000335c   0x00000008   Code   RO          255    .text               c_w.l(libspace.o)
    0x00003364   0x00003364   0x00000002   Code   RO          266    .text               c_w.l(use_no_semi.o)
    0x00003366   0x00003366   0x00000000   Code   RO          268    .text               c_w.l(indicate_semi.o)
    0x00003366   0x00003366   0x00000002   PAD
    0x00003368   0x00003368   0x0000000c   Code   RO          282    .text               c_w.l(sys_exit.o)
    0x00003374   0x00003374   0x0000000d   Data   RO           70    .rodata._ZL10Rcmd2green  st7735.o
    0x00003381   0x00003381   0x00000001   PAD
    0x00003382   0x00003382   0x0000a000   Data   RO           42    .rodata._ZL11loss_screen  dac.o
    0x0000d382   0x0000d382   0x00000024   Data   RO           78    .rodata._ZL11smallCircle  st7735.o
    0x0000d3a6   0x0000d3a6   0x00000900   Data   RO           22    .rodata._ZL3gun     main.o
    0x0000dca6   0x0000dca6   0x00000067   Data   RO           68    .rodata._ZL4Bcmd    st7735.o
    0x0000dd0d   0x0000dd0d   0x000004fb   Data   RO           80    .rodata._ZL4Font    st7735.o
    0x0000e208   0x0000e208   0x00000200   Data   RO           90    .rodata._ZL4dBfs    st7735.o
    0x0000e408   0x0000e408   0x0000003b   Data   RO           69    .rodata._ZL5Rcmd1   st7735.o
    0x0000e443   0x0000e443   0x0000002b   Data   RO           74    .rodata._ZL5Rcmd3   st7735.o
    0x0000e46e   0x0000e46e   0x00000900   Data   RO          108    .rodata._ZL5duck1   sound.o
    0x0000ed6e   0x0000ed6e   0x0000a000   Data   RO           40    .rodata._ZL5pause   dac.o
    0x00018d6e   0x00018d6e   0x00000ff0   Data   RO          107    .rodata._ZL5shoot   sound.o
    0x00019d5e   0x00019d5e   0x0000003c   Data   RO           79    .rodata._ZL6circle  st7735.o
    0x00019d9a   0x00019d9a   0x0000000d   Data   RO           73    .rodata._ZL8Rcmd2red  st7735.o
    0x00019da7   0x00019da7   0x00000001   PAD
    0x00019da8   0x00019da8   0x00000900   Data   RO           24    .rodata._ZL8duck_pic  main.o
    0x0001a6a8   0x0001a6a8   0x00000075   Data   RO           27    .rodata.str1.1      main.o
    0x0001a71d   0x0001a71d   0x0000001c   Data   RO           83    .rodata.str1.1      st7735.o
    0x0001a739   0x0001a739   0x00000003   PAD
    0x0001a73c   0x0001a73c   0x00000020   Data   RO          332    Region$$Table       anon$$obj.o
    0x0001a75c   0x0001a75c   0x00000004   Data   RO           28    .init_array         main.o
    0x0001a760   0x0001a75c   0x00000004   Data   RO          134    .init_array         uart.o
    0x0001a764   0x0001a75c   0x00000000   Data   RO          161    .init_array         c_w.l(init_aeabi.o)


    Execution Region RW_IRAM1 (Exec base: 0x20000000, Load base: 0x0001a768, Size: 0x00000940, Max: 0x00008000, ABSOLUTE)

    Exec Addr    Load Addr    Size         Type   Attr      Idx    E Section Name        Object

    0x20000000   0x0001a768   0x00000002   Data   RW           67    .data.StTextColor   st7735.o
    0x20000002   0x0001a76a   0x00000002   Data   RW           76    .data._ZL6_width    st7735.o
    0x20000004   0x0001a76c   0x00000002   Data   RW           77    .data._ZL7_height   st7735.o
    0x20000006   0x0001a76e   0x00000002   PAD
    0x20000008   0x0001a770   0x00000010   Data   RW           23    .data.bill          main.o
    0x20000018   0x0001a780   0x00000010   Data   RW           25    .data.duck          main.o
    0x20000028   0x0001a790   0x00000001   Data   RW           17    .data.level         main.o
    0x20000029   0x0001a791   0x00000003   PAD
    0x2000002c   0x0001a794   0x00000004   Data   RW           14    .data.period        main.o
    0x20000030   0x0001a798   0x00000001   Data   RW           16    .data.shot_count    main.o
    0x20000031   0x0001a799   0x00000007   PAD
    0x20000038        -       0x00000060   Zero   RW          256    .bss                c_w.l(libspace.o)
    0x20000098        -       0x0000000c   Zero   RW           81    .bss.Message        st7735.o
    0x200000a4        -       0x00000004   Zero   RW           82    .bss.Messageindex   st7735.o
    0x200000a8        -       0x00000004   Zero   RW          116    .bss.PeriodicTask0  timer0.o
    0x200000ac        -       0x00000004   Zero   RW          124    .bss.PeriodicTask1  timer1.o
    0x200000b0        -       0x00000004   Zero   RW          133    .bss.RxCounter      uart.o
    0x200000b4        -       0x00000028   Zero   RW          132    .bss.RxFifo         uart.o
    0x200000dc        -       0x00000004   Zero   RW           65    .bss.StX            st7735.o
    0x200000e0        -       0x00000004   Zero   RW           66    .bss.StY            st7735.o
    0x200000e4        -       0x00000004   Zero   RW           87    .bss.X              st7735.o
    0x200000e8        -       0x00000004   Zero   RW           85    .bss.Ymax           st7735.o
    0x200000ec        -       0x00000004   Zero   RW           86    .bss.Ymin           st7735.o
    0x200000f0        -       0x00000004   Zero   RW           88    .bss.Yrange         st7735.o
    0x200000f4        -       0x00000004   Zero   RW           57    .bss._ZL1M          random.o
    0x200000f8        -       0x00000001   Zero   RW           71    .bss._ZL8ColStart   st7735.o
    0x200000f9        -       0x00000001   Zero   RW           84    .bss._ZL8Rotation   st7735.o
    0x200000fa        -       0x00000001   Zero   RW           72    .bss._ZL8RowStart   st7735.o
    0x200000fb        -       0x00000001   Zero   RW           75    .bss._ZL8TabColor   st7735.o
    0x200000fc        -       0x00000001   Zero   RW           18    .bss.button1        main.o
    0x200000fd        -       0x00000001   Zero   RW           19    .bss.button2        main.o
    0x200000fe   0x0001a799   0x00000002   PAD
    0x20000100        -       0x00000004   Zero   RW           21    .bss.counter        main.o
    0x20000104        -       0x00000004   Zero   RW           15    .bss.flag           main.o
    0x20000108        -       0x00000004   Zero   RW           37    .bss.flag2          dac.o
    0x2000010c        -       0x00000004   Zero   RW           38    .bss.flag3          dac.o
    0x20000110        -       0x00000004   Zero   RW           13    .bss.language       main.o
    0x20000114        -       0x00000004   Zero   RW           89    .bss.lastj          st7735.o
    0x20000118        -       0x00000004   Zero   RW          105    .bss.len            sound.o
    0x2000011c        -       0x00000014   Zero   RW           12    .bss.my             main.o
    0x20000130        -       0x00000001   Zero   RW           39    .bss.pause_flag     dac.o
    0x20000131        -       0x00000001   Zero   RW           20    .bss.points         main.o
    0x20000132   0x0001a799   0x00000002   PAD
    0x20000134        -       0x00000004   Zero   RW          106    .bss.sp             sound.o
    0x20000138        -       0x00000004   Zero   RW           26    .bss.time           main.o
    0x2000013c   0x0001a799   0x00000004   PAD
    0x20000140        -       0x00000400   Zero   RW            2    HEAP                startup_tm4c123.o
    0x20000540        -       0x00000400   Zero   RW            1    STACK               startup_tm4c123.o


==============================================================================

Image component sizes


      Code (inc. data)   RO Data    RW Data    ZI Data      Debug   Object Name

       890          0      81920          0          9       2908   dac.o
        72          0          0          0          0       2377   fifo.o
      1364          0       4729         38         39       3764   main.o
       138          0          0          0          0       1554   pll.o
        92          0          0          0          4       1732   random.o
       496          0          0          0          0       2913   slidepot.o
       180          0       6384          0          8       2152   sound.o
      7054          4       2142          6         48      13560   st7735.o
       296         22        620          0       2048       5584   startup_tm4c123.o
       652          0          0          0          0       2051   texas.o
       174          0          0          0          4       1743   timer0.o
       184          0          0          0          4       1737   timer1.o
       632          0          4          0         44       2850   uart.o

    ----------------------------------------------------------------------
     12232         26      95836         52       2220      44925   Object Totals
         0          0         32          0          0          0   (incl. Generated)
         8          0          5          8         12          0   (incl. Padding)

    ----------------------------------------------------------------------

      Code (inc. data)   RO Data    RW Data    ZI Data      Debug   Library Member Name

         8          0          0          0          0         68   __main.o
         0          0          0          0          0          0   __rtentry.o
        12          0          0          0          0          0   __rtentry2.o
         6          0          0          0          0          0   __rtentry4.o
        52          8          0          0          0          0   __scatter.o
        26          0          0          0          0          0   __scatter_copy.o
        28          0          0          0          0          0   __scatter_zi.o
        18          0          0          0          0         80   exit.o
         6          0          0          0          0        152   heapauxi.o
         0          0          0          0          0          0   indicate_semi.o
        36          8          0          0          0         80   init_aeabi.o
         2          0          0          0          0          0   libinit.o
         6          0          0          0          0          0   libinit2.o
         2          0          0          0          0          0   libshutdown.o
         2          0          0          0          0          0   libshutdown2.o
         8          4          0          0         96         68   libspace.o
         2          0          0          0          0          0   rtexit.o
        10          0          0          0          0          0   rtexit2.o
        12          4          0          0          0         68   sys_exit.o
        74          0          0          0          0         80   sys_stackheap_outer.o
         2          0          0          0          0         68   use_no_semi.o

    ----------------------------------------------------------------------
       320         24          0          0         96        664   Library Totals
         8          0          0          0          0          0   (incl. Padding)

    ----------------------------------------------------------------------

      Code (inc. data)   RO Data    RW Data    ZI Data      Debug   Library Name

       312         24          0          0         96        664   c_w.l

    ----------------------------------------------------------------------
       320         24          0          0         96        664   Library Totals

    ----------------------------------------------------------------------

==============================================================================


      Code (inc. data)   RO Data    RW Data    ZI Data      Debug   

     12552         50      95836         52       2316      45209   Grand Totals
     12552         50      95836         52       2316      45209   ELF Image Totals
     12552         50      95836         52          0          0   ROM Totals

==============================================================================

    Total RO  Size (Code + RO Data)               108388 ( 105.85kB)
    Total RW  Size (RW Data + ZI Data)              2368 (   2.31kB)
    Total ROM Size (Code + RO Data + RW Data)     108440 ( 105.90kB)

==============================================================================

